Archive member included because of file (symbol)

./gr_common/lib/libc.a(lib_a-errno.o)
                              ./gr_common/lowlevel.o (__errno)
./gr_common/lib/libc.a(lib_a-impure.o)
                              ./gr_common/lib/libc.a(lib_a-errno.o) (_impure_ptr)
./gr_common/lib/libc.a(lib_a-sprintf.o)
                              ./gr_sketch.o (sprintf)
./gr_common/lib/libc.a(lib_a-svfprintf.o)
                              ./gr_common/lib/libc.a(lib_a-sprintf.o) (_svfprintf_r)
./gr_common/lib/libc.a(lib_a-dtoa.o)
                              ./gr_common/lib/libc.a(lib_a-svfprintf.o) (_dtoa_r)
./gr_common/lib/libc.a(lib_a-locale.o)
                              ./gr_common/lib/libc.a(lib_a-svfprintf.o) (_localeconv_r)
./gr_common/lib/libc.a(lib_a-mallocr.o)
                              ./gr_common/lib/libc.a(lib_a-svfprintf.o) (_malloc_r)
./gr_common/lib/libc.a(lib_a-memchr.o)
                              ./gr_common/lib/libc.a(lib_a-svfprintf.o) (memchr)
./gr_common/lib/libc.a(lib_a-memcpy.o)
                              ./gr_common/lib/libc.a(lib_a-dtoa.o) (memcpy)
./gr_common/lib/libc.a(lib_a-mlock.o)
                              ./gr_common/lib/libc.a(lib_a-mallocr.o) (__malloc_lock)
./gr_common/lib/libc.a(lib_a-mprec.o)
                              ./gr_common/lib/libc.a(lib_a-dtoa.o) (_Balloc)
./gr_common/lib/libc.a(lib_a-sbrkr.o)
                              ./gr_common/lib/libc.a(lib_a-mallocr.o) (_sbrk_r)
./gr_common/lib/libc.a(lib_a-sf_fpclassify.o)
                              ./gr_common/lib/libc.a(lib_a-svfprintf.o) (__fpclassifyf)
./gr_common/lib/libc.a(lib_a-strcmp.o)
                              ./gr_common/lib/libc.a(lib_a-locale.o) (strcmp)
./gr_common/lib/libc.a(lib_a-strlen.o)
                              ./gr_common/lib/libc.a(lib_a-svfprintf.o) (strlen)
./gr_common/lib/libc.a(lib_a-svfiprintf.o)
                              ./gr_common/lib/libc.a(lib_a-svfprintf.o) (__ssprint_r)
./gr_common/lib/libc.a(lib_a-callocr.o)
                              ./gr_common/lib/libc.a(lib_a-mprec.o) (_calloc_r)
./gr_common/lib/libc.a(lib_a-freer.o)
                              ./gr_common/lib/libc.a(lib_a-mallocr.o) (_free_r)
./gr_common/lib/libc.a(lib_a-memmove.o)
                              ./gr_common/lib/libc.a(lib_a-svfiprintf.o) (memmove)
./gr_common/lib/libc.a(lib_a-memset.o)
                              ./gr_common/lib/libc.a(lib_a-callocr.o) (memset)
./gr_common/lib/libc.a(lib_a-reallocr.o)
                              ./gr_common/lib/libc.a(lib_a-svfiprintf.o) (_realloc_r)
./gr_common/lib/libc.a(lib_a-reent.o)
                              ./gr_common/lib/libc.a(lib_a-sbrkr.o) (errno)
./gr_common/lib/libgcc.a(_udivdi3.o)
                              ./gr_common/lib/libc.a(lib_a-svfprintf.o) (__udivdi3)
./gr_common/lib/libgcc.a(_umoddi3.o)
                              ./gr_common/lib/libc.a(lib_a-svfprintf.o) (__umoddi3)
./gr_common/lib/libgcc.a(_clz.o)
                              ./gr_common/lib/libgcc.a(_udivdi3.o) (__clz_tab)
./gr_common/lib/libm.a(lib_a-wf_fmod.o)
                              ./gr_sketch.o (fmod)
./gr_common/lib/libm.a(lib_a-ef_fmod.o)
                              ./gr_common/lib/libm.a(lib_a-wf_fmod.o) (__ieee754_fmodf)
./gr_common/lib/libm.a(lib_a-s_lib_ver.o)
                              ./gr_common/lib/libm.a(lib_a-wf_fmod.o) (__fdlib_version)
./gr_common/lib/libm.a(lib_a-s_matherr.o)
                              ./gr_common/lib/libm.a(lib_a-wf_fmod.o) (matherr)
./gr_common/lib/librxduino.a(analogio.o)
                              ./gr_sketch.o (analogRead)
./gr_common/lib/librxduino.a(delay.o)
                              ./gr_sketch.o (micros)
./gr_common/lib/librxduino.a(digitalio.o)
                              ./gr_sketch.o (pinMode)
./gr_common/lib/librxduino.a(rxduino.o)
                              ./gr_common/gstart.o (main)
./gr_common/lib/libstdc++.a(string-inst.o)
                              ./gr_sketch.o (std::string::_Rep::_S_empty_rep_storage)
./gr_common/lib/libstdc++.a(del_op.o)
                              ./gr_common/lib/libstdc++.a(string-inst.o) (operator delete(void*))
./gr_common/lib/libstdc++.a(eh_catch.o)
                              ./gr_common/lib/libstdc++.a(string-inst.o) (__cxa_begin_catch)
./gr_common/lib/libstdc++.a(eh_personality.o)
                              ./gr_common/lib/libstdc++.a(string-inst.o) (__gxx_personality_sj0)
./gr_common/lib/libstdc++.a(eh_exception.o)
                              ./gr_common/lib/libstdc++.a(eh_personality.o) (typeinfo for std::bad_exception)
./gr_common/lib/libstdc++.a(new_op.o)
                              ./gr_common/lib/libstdc++.a(string-inst.o) (operator new(unsigned long))
./gr_common/lib/libstdc++.a(pure.o)
                              ./gr_common/lib/libstdc++.a(eh_exception.o) (__cxa_pure_virtual)
./gr_common/lib/libstdc++.a(eh_globals.o)
                              ./gr_common/lib/libstdc++.a(eh_catch.o) (__cxa_get_globals_fast)
[...]
Memory Configuration

Name             Origin             Length             Attributes
*default*        0x00000000         0xffffffff

Linker script and memory map

LOAD ./gr_common/gstart.o
LOAD ./gr_sketch.o
LOAD ./gr_common/intvect.o
LOAD ./gr_common/lowlevel.o
LOAD ./gr_common/lib/libc.a
LOAD ./gr_common/lib/libg.a
LOAD ./gr_common/lib/libgcc.a
LOAD ./gr_common/lib/libm.a
LOAD ./gr_common/lib/librxduino.a
LOAD ./gr_common/lib/libsim.a
LOAD ./gr_common/lib/libstdc++.a
LOAD ./gr_common/lib/libsupc++.a
LOAD ./gr_common/lib/libtkdnhal.a
LOAD ./gr_sakura_ethernet/libethernet.a
LOAD ./gr_sakura_ethernet/libtkdnip.a
LOAD ./gr_common/lib/\librxduino.a
LOAD ./gr_common/lib/\libstdc++.a
LOAD ./gr_common/lib/\libsupc++.a
LOAD ./gr_common/lib/\libc.a
LOAD ./gr_common/lib/\libsim.a
LOAD ./gr_common/lib/\libgcc.a
LOAD ./gr_common/lib/\libm.a
LOAD ./gr_common/lib/\libtkdnhal.a

.text           0xfff00000    0x156b0
 ./gr_common/gstart.o(P)
 P              0xfff00000       0x90 ./gr_common/gstart.o
                0xfff00000                start
                0xfff00000                PowerON_Reset_PC
                0xfff0008e                _rx_fini
                0xfff0008f                __cxa_atexit
 *(.text)
 .text          0xfff00090        0xf ./gr_common/lib/libc.a(lib_a-memchr.o)
                0xfff00090                memchr
 .text          0xfff0009f        0x7 ./gr_common/lib/libc.a(lib_a-memcpy.o)
                0xfff0009f                memcpy
 .text          0xfff000a6        0xf ./gr_common/lib/libc.a(lib_a-strcmp.o)
                0xfff000a6                strcmp
 .text          0xfff000b5       0x10 ./gr_common/lib/libc.a(lib_a-strlen.o)
                0xfff000b5                strlen
 .text          0xfff000c5       0x17 ./gr_common/lib/libc.a(lib_a-memmove.o)
                0xfff000c5                memmove
 .text          0xfff000dc        0x7 ./gr_common/lib/libc.a(lib_a-memset.o)
                0xfff000dc                memset
 .text          0xfff000e3       0x15 ./gr_common/lib/\libc.a(lib_a-strncpy.o)
                0xfff000e3                strncpy
 *(.text.*)
 .text.startup  0xfff000f8       0x1e ./gr_sketch.o
 .text.__errno  0xfff00116        0x9 ./gr_common/lib/libc.a(lib_a-errno.o)
                0xfff00116                __errno
 .text._sprintf_r
                0xfff0011f       0x33 ./gr_common/lib/libc.a(lib_a-sprintf.o)
                0xfff0011f                _sprintf_r
 .text.sprintf  0xfff00152       0x3b ./gr_common/lib/libc.a(lib_a-sprintf.o)
                0xfff00152                sprintf
 *fill*         0xfff0018d        0x1 00
 .text._svfprintf_r
                0xfff0018e      0xfee ./gr_common/lib/libc.a(lib_a-svfprintf.o)
                0xfff0018e                _svfprintf_r
 .text.quorem   0xfff0117c      0x11a ./gr_common/lib/libc.a(lib_a-dtoa.o)
 .text._dtoa_r  0xfff01296      0x98c ./gr_common/lib/libc.a(lib_a-dtoa.o)
                0xfff01296                _dtoa_r
 .text._setlocale_r
                0xfff01c22       0x4a ./gr_common/lib/libc.a(lib_a-locale.o)
                0xfff01c22                _setlocale_r
 .text.__locale_charset
                0xfff01c6c        0x7 ./gr_common/lib/libc.a(lib_a-locale.o)
                0xfff01c6c                __locale_charset
 .text.__locale_mb_cur_max
                0xfff01c73        0x9 ./gr_common/lib/libc.a(lib_a-locale.o)
                0xfff01c73                __locale_mb_cur_max
 .text.__locale_msgcharset
                0xfff01c7c        0x7 ./gr_common/lib/libc.a(lib_a-locale.o)
                0xfff01c7c                __locale_msgcharset
 .text.__locale_cjk_lang
                0xfff01c83        0x3 ./gr_common/lib/libc.a(lib_a-locale.o)
                0xfff01c83                __locale_cjk_lang
 .text._localeconv_r
                0xfff01c86        0x7 ./gr_common/lib/libc.a(lib_a-locale.o)
                0xfff01c86                _localeconv_r
 .text.setlocale
                0xfff01c8d       0x12 ./gr_common/lib/libc.a(lib_a-locale.o)
                0xfff01c8d                setlocale
 .text.localeconv
                0xfff01c9f        0x7 ./gr_common/lib/libc.a(lib_a-locale.o)
                0xfff01c9f                localeconv
 .text._malloc_r
                0xfff01ca6      0x490 ./gr_common/lib/libc.a(lib_a-mallocr.o)
                0xfff01ca6                _malloc_r
 .text.__malloc_lock
                0xfff02136        0x1 ./gr_common/lib/libc.a(lib_a-mlock.o)
                0xfff02136                __malloc_lock
 .text.__malloc_unlock
                0xfff02137        0x1 ./gr_common/lib/libc.a(lib_a-mlock.o)
                0xfff02137                __malloc_unlock
 .text._Balloc  0xfff02138       0x54 ./gr_common/lib/libc.a(lib_a-mprec.o)
                0xfff02138                _Balloc
 .text._Bfree   0xfff0218c       0x1a ./gr_common/lib/libc.a(lib_a-mprec.o)
                0xfff0218c                _Bfree
 .text.__multadd
                0xfff021a6       0x7c ./gr_common/lib/libc.a(lib_a-mprec.o)
                0xfff021a6                __multadd
 .text.__s2b    0xfff02222       0x80 ./gr_common/lib/libc.a(lib_a-mprec.o)
                0xfff02222                __s2b
 .text.__hi0bits
                0xfff022a2       0x4a ./gr_common/lib/libc.a(lib_a-mprec.o)
                0xfff022a2                __hi0bits
 .text.__lo0bits
                0xfff022ec       0x66 ./gr_common/lib/libc.a(lib_a-mprec.o)
                0xfff022ec                __lo0bits
 .text.__i2b    0xfff02352       0x12 ./gr_common/lib/libc.a(lib_a-mprec.o)
                0xfff02352                __i2b
 .text.__multiply
                0xfff02364      0x11a ./gr_common/lib/libc.a(lib_a-mprec.o)
                0xfff02364                __multiply
 .text.__pow5mult
                0xfff0247e       0x88 ./gr_common/lib/libc.a(lib_a-mprec.o)
                0xfff0247e                __pow5mult
 .text.__lshift
                0xfff02506       0x9e ./gr_common/lib/libc.a(lib_a-mprec.o)
                0xfff02506                __lshift
 .text.__mcmp   0xfff025a4       0x2c ./gr_common/lib/libc.a(lib_a-mprec.o)
                0xfff025a4                __mcmp
 .text.__mdiff  0xfff025d0       0xd4 ./gr_common/lib/libc.a(lib_a-mprec.o)
                0xfff025d0                __mdiff
 .text.__ulp    0xfff026a4       0x27 ./gr_common/lib/libc.a(lib_a-mprec.o)
                0xfff026a4                __ulp
 *fill*         0xfff026cb        0x1 00
 .text.__b2d    0xfff026cc       0x6a ./gr_common/lib/libc.a(lib_a-mprec.o)
                0xfff026cc                __b2d
 .text.__d2b    0xfff02736       0x6a ./gr_common/lib/libc.a(lib_a-mprec.o)
                0xfff02736                __d2b
 .text.__ratio  0xfff027a0       0x42 ./gr_common/lib/libc.a(lib_a-mprec.o)
                0xfff027a0                __ratio
 .text._mprec_log10
                0xfff027e2       0x24 ./gr_common/lib/libc.a(lib_a-mprec.o)
                0xfff027e2                _mprec_log10
 .text.__copybits
                0xfff02806       0x32 ./gr_common/lib/libc.a(lib_a-mprec.o)
                0xfff02806                __copybits
 .text.__any_on
                0xfff02838       0x40 ./gr_common/lib/libc.a(lib_a-mprec.o)
                0xfff02838                __any_on
 .text._sbrk_r  0xfff02878       0x22 ./gr_common/lib/libc.a(lib_a-sbrkr.o)
                0xfff02878                _sbrk_r
 .text.__fpclassifyf
                0xfff0289a       0x5c ./gr_common/lib/libc.a(lib_a-sf_fpclassify.o)
                0xfff0289a                __fpclassifyf
 .text.__ssprint_r
                0xfff028f6       0xfe ./gr_common/lib/libc.a(lib_a-svfiprintf.o)
                0xfff028f6                __ssprint_r
 .text._svfiprintf_r
                0xfff029f4      0x8da ./gr_common/lib/libc.a(lib_a-svfiprintf.o)
                0xfff029f4                _svfiprintf_r
 .text._calloc_r
                0xfff032ce       0x66 ./gr_common/lib/libc.a(lib_a-callocr.o)
                0xfff032ce                _calloc_r
 .text._malloc_trim_r
                0xfff03334       0xa4 ./gr_common/lib/libc.a(lib_a-freer.o)
                0xfff03334                _malloc_trim_r
 .text._free_r  0xfff033d8      0x19e ./gr_common/lib/libc.a(lib_a-freer.o)
                0xfff033d8                _free_r
 .text._realloc_r
                0xfff03576      0x378 ./gr_common/lib/libc.a(lib_a-reallocr.o)
                0xfff03576                _realloc_r
 .text.cleanup_glue
                0xfff038ee       0x1a ./gr_common/lib/libc.a(lib_a-reent.o)
                0xfff038ee                cleanup_glue
 .text._reclaim_reent
                0xfff03908       0xa0 ./gr_common/lib/libc.a(lib_a-reent.o)
                0xfff03908                _reclaim_reent
 .text._wrapup_reent
                0xfff039a8       0x40 ./gr_common/lib/libc.a(lib_a-reent.o)
                0xfff039a8                _wrapup_reent
 .text.fmodf    0xfff039e8       0x8c ./gr_common/lib/libm.a(lib_a-wf_fmod.o)
                0xfff039e8                fmodf
 .text.fmod     0xfff03a74        0x4 ./gr_common/lib/libm.a(lib_a-wf_fmod.o)
                0xfff03a74                fmod
 .text.__ieee754_fmodf
                0xfff03a78      0x10e ./gr_common/lib/libm.a(lib_a-ef_fmod.o)
                0xfff03a78                __ieee754_fmodf
 .text.matherr  0xfff03b86        0x3 ./gr_common/lib/libm.a(lib_a-s_matherr.o)
                0xfff03b86                matherr
 *fill*         0xfff03b89        0x7 00
 .text.startup  0xfff03b90       0x20 ./gr_common/lib/librxduino.a(rxduino.o)
                0xfff03b90                main
 .text._ZNKSs4dataEv
                0xfff03bb0        0x3 ./gr_common/lib/libstdc++.a(string-inst.o)
                0xfff03bb0                std::string::data() const
 .text._ZNKSs6lengthEv
                0xfff03bb3        0x7 ./gr_common/lib/libstdc++.a(string-inst.o)
                0xfff03bb3                std::string::length() const
 .text._ZNKSs7_M_dataEv
                0xfff03bba        0x3 ./gr_common/lib/libstdc++.a(string-inst.o)
                0xfff03bba                std::string::_M_data() const
 .text._ZNSs7_M_dataEPc
                0xfff03bbd        0x5 ./gr_common/lib/libstdc++.a(string-inst.o)
                0xfff03bbd                std::string::_M_data(char*)
 .text._ZNKSs6_M_repEv
                0xfff03bc2        0x5 ./gr_common/lib/libstdc++.a(string-inst.o)
                0xfff03bc2                std::string::_M_rep() const
 .text._ZNKSs9_M_ibeginEv
                0xfff03bc7        0x3 ./gr_common/lib/libstdc++.a(string-inst.o)
                0xfff03bc7                std::string::_M_ibegin() const
 .text._ZNKSs7_M_iendEv
                0xfff03bca        0x9 ./gr_common/lib/libstdc++.a(string-inst.o)
                0xfff03bca                std::string::_M_iend() const
 .text._ZNKSs8_M_checkEmPKc
                0xfff03bd3       0x12 ./gr_common/lib/libstdc++.a(string-inst.o)
                0xfff03bd3                std::string::_M_check(unsigned long, char const*) const
 .text._ZNKSs15_M_check_lengthEmmPKc
                0xfff03be5       0x18 ./gr_common/lib/libstdc++.a(string-inst.o)
                0xfff03be5                std::string::_M_check_length(unsigned long, unsigned long, char const*) const
 .text._ZNKSs8_M_limitEmm
                0xfff03bfd        0xf ./gr_common/lib/libstdc++.a(string-inst.o)
                0xfff03bfd                std::string::_M_limit(unsigned long, unsigned long) const
 .text._ZNKSs11_M_disjunctEPKc
                0xfff03c0c       0x21 ./gr_common/lib/libstdc++.a(string-inst.o)
                0xfff03c0c                std::string::_M_disjunct(char const*) const
 .text._ZNSs7_M_copyEPcPKcm
                0xfff03c2d        0xb ./gr_common/lib/libstdc++.a(string-inst.o)
                0xfff03c2d                std::string::_M_copy(char*, char const*, unsigned long)
 .text._ZNSs7_M_moveEPcPKcm
                0xfff03c38        0xc ./gr_common/lib/libstdc++.a(string-inst.o)
                0xfff03c38                std::string::_M_move(char*, char const*, unsigned long)
 .text._ZNSs9_M_assignEPcmc
                0xfff03c44       0x11 ./gr_common/lib/libstdc++.a(string-inst.o)
                0xfff03c44                std::string::_M_assign(char*, unsigned long, char)
 .text._ZNSs13_S_copy_charsEPcN9__gnu_cxx17__normal_iteratorIS_SsEES2_
                0xfff03c55        0xd ./gr_common/lib/libstdc++.a(string-inst.o)
                0xfff03c55                std::string::_S_copy_chars(char*, __gnu_cxx::__normal_iterator<char*, std::string>, __gnu_cxx::__normal_iterator<char*, std::string>)
 .text._ZNSs13_S_copy_charsEPcN9__gnu_cxx17__normal_iteratorIPKcSsEES4_
                0xfff03c62        0xd ./gr_common/lib/libstdc++.a(string-inst.o)
                0xfff03c62                std::string::_S_copy_chars(char*, __gnu_cxx::__normal_iterator<char const*, std::string>, __gnu_cxx::__normal_iterator<char const*, std::string>)
 .text._ZNSs13_S_copy_charsEPcS_S_
                0xfff03c6f        0xd ./gr_common/lib/libstdc++.a(string-inst.o)
                0xfff03c6f                std::string::_S_copy_chars(char*, char*, char*)
 .text._ZNSs13_S_copy_charsEPcPKcS1_
                0xfff03c7c        0xd ./gr_common/lib/libstdc++.a(string-inst.o)
                0xfff03c7c                std::string::_S_copy_chars(char*, char const*, char const*)
 .text._ZNSs10_S_compareEmm
                0xfff03c89        0x3 ./gr_common/lib/libstdc++.a(string-inst.o)
                0xfff03c89                std::string::_S_compare(unsigned long, unsigned long)
 .text._ZNSs12_S_empty_repEv
                0xfff03c8c        0x7 ./gr_common/lib/libstdc++.a(string-inst.o)
                0xfff03c8c                std::string::_S_empty_rep()
 .text._ZNSsC2Ev
                0xfff03c93        0x7 ./gr_common/lib/libstdc++.a(string-inst.o)
                0xfff03c93                std::basic_string<char, std::char_traits<char>, std::allocator<char> >::basic_string()
                0xfff03c93                std::basic_string<char, std::char_traits<char>, std::allocator<char> >::basic_string()
 .text._ZNSsC2EOSs
                0xfff03c9a        0xf ./gr_common/lib/libstdc++.a(string-inst.o)
                0xfff03c9a                std::basic_string<char, std::char_traits<char>, std::allocator<char> >::basic_string(std::string&&)
                0xfff03c9a                std::basic_string<char, std::char_traits<char>, std::allocator<char> >::basic_string(std::string&&)
 .text._ZNKSs5beginEv
                0xfff03ca9        0x3 ./gr_common/lib/libstdc++.a(string-inst.o)
                0xfff03ca9                std::string::begin() const
 .text._ZNKSs3endEv
                0xfff03cac        0x9 ./gr_common/lib/libstdc++.a(string-inst.o)
                0xfff03cac                std::string::end() const
 .text._ZNKSs6rbeginEv
                0xfff03cb5        0xd ./gr_common/lib/libstdc++.a(string-inst.o)
                0xfff03cb5                std::string::rbegin() const
 .text._ZNKSs4rendEv
                0xfff03cc2        0x7 ./gr_common/lib/libstdc++.a(string-inst.o)
                0xfff03cc2                std::string::rend() const
 .text._ZNKSs6cbeginEv
                0xfff03cc9        0x3 ./gr_common/lib/libstdc++.a(string-inst.o)
                0xfff03cc9                std::string::cbegin() const
 .text._ZNKSs4cendEv
                0xfff03ccc        0x9 ./gr_common/lib/libstdc++.a(string-inst.o)
                0xfff03ccc                std::string::cend() const
 .text._ZNKSs7crbeginEv
                0xfff03cd5        0xd ./gr_common/lib/libstdc++.a(string-inst.o)
                0xfff03cd5                std::string::crbegin() const
 .text._ZNKSs5crendEv
                0xfff03ce2        0x7 ./gr_common/lib/libstdc++.a(string-inst.o)
                0xfff03ce2                std::string::crend() const
 .text._ZNKSs4sizeEv
                0xfff03ce9        0x7 ./gr_common/lib/libstdc++.a(string-inst.o)
                0xfff03ce9                std::string::size() const
 .text._ZNKSs8max_sizeEv
                0xfff03cf0        0x7 ./gr_common/lib/libstdc++.a(string-inst.o)
                0xfff03cf0                std::string::max_size() const
 .text._ZNKSs8capacityEv
                0xfff03cf7        0x8 ./gr_common/lib/libstdc++.a(string-inst.o)
                0xfff03cf7                std::string::capacity() const
 .text._ZNKSs5emptyEv
                0xfff03cff        0xe ./gr_common/lib/libstdc++.a(string-inst.o)
                0xfff03cff                std::string::empty() const
 .text._ZNKSsixEm
                0xfff03d0d        0x5 ./gr_common/lib/libstdc++.a(string-inst.o)
                0xfff03d0d                std::string::operator[](unsigned long) const
 .text._ZNKSs2atEm
                0xfff03d12       0x18 ./gr_common/lib/libstdc++.a(string-inst.o)
                0xfff03d12                std::string::at(unsigned long) const
 .text._ZNKSs5frontEv
                0xfff03d2a        0x3 ./gr_common/lib/libstdc++.a(string-inst.o)
                0xfff03d2a                std::string::front() const
 .text._ZNKSs4backEv
                0xfff03d2d        0xb ./gr_common/lib/libstdc++.a(string-inst.o)
                0xfff03d2d                std::string::back() const
 .text._ZNKSs4copyEPcmm
                0xfff03d38       0x3c ./gr_common/lib/libstdc++.a(string-inst.o)
                0xfff03d38                std::string::copy(char*, unsigned long, unsigned long) const
 *fill*         0xfff03d74        0x4 00
 .text._ZNSs4swapERSs
                0xfff03d78       0x38 ./gr_common/lib/libstdc++.a(string-inst.o)
                0xfff03d78                std::string::swap(std::string&)
 .text._ZNSs6assignEOSs
                0xfff03db0        0xd ./gr_common/lib/libstdc++.a(string-inst.o)
                0xfff03db0                std::string::assign(std::string&&)
 .text._ZNSsaSEOSs
                0xfff03dbd        0xd ./gr_common/lib/libstdc++.a(string-inst.o)
                0xfff03dbd                std::string::operator=(std::string&&)
 .text._ZNKSs5c_strEv
                0xfff03dca        0x3 ./gr_common/lib/libstdc++.a(string-inst.o)
                0xfff03dca                std::string::c_str() const
 .text._ZNKSs13get_allocatorEv
                0xfff03dcd        0x3 ./gr_common/lib/libstdc++.a(string-inst.o)
                0xfff03dcd                std::string::get_allocator() const
 .text._ZNKSs4findEPKcmm
                0xfff03dd0       0x68 ./gr_common/lib/libstdc++.a(string-inst.o)
                0xfff03dd0                std::string::find(char const*, unsigned long, unsigned long) const
 .text._ZNKSs4findERKSsm
                0xfff03e38        0xb ./gr_common/lib/libstdc++.a(string-inst.o)
                0xfff03e38                std::string::find(std::string const&, unsigned long) const
 .text._ZNKSs4findEPKcm
                0xfff03e43       0x20 ./gr_common/lib/libstdc++.a(string-inst.o)
                0xfff03e43                std::string::find(char const*, unsigned long) const
 *fill*         0xfff03e63        0x5 00
 .text._ZNKSs4findEcm
                0xfff03e68       0x28 ./gr_common/lib/libstdc++.a(string-inst.o)
                0xfff03e68                std::string::find(char, unsigned long) const
 .text._ZNKSs5rfindEPKcmm
                0xfff03e90       0x48 ./gr_common/lib/libstdc++.a(string-inst.o)
                0xfff03e90                std::string::rfind(char const*, unsigned long, unsigned long) const
 .text._ZNKSs5rfindERKSsm
                0xfff03ed8        0xb ./gr_common/lib/libstdc++.a(string-inst.o)
                0xfff03ed8                std::string::rfind(std::string const&, unsigned long) const
 .text._ZNKSs5rfindEPKcm
                0xfff03ee3       0x20 ./gr_common/lib/libstdc++.a(string-inst.o)
                0xfff03ee3                std::string::rfind(char const*, unsigned long) const
 *fill*         0xfff03f03        0x5 00
 .text._ZNKSs5rfindEcm
                0xfff03f08       0x30 ./gr_common/lib/libstdc++.a(string-inst.o)
                0xfff03f08                std::string::rfind(char, unsigned long) const
 .text._ZNKSs13find_first_ofEPKcmm
                0xfff03f38       0x40 ./gr_common/lib/libstdc++.a(string-inst.o)
                0xfff03f38                std::string::find_first_of(char const*, unsigned long, unsigned long) const
 .text._ZNKSs13find_first_ofERKSsm
                0xfff03f78        0xb ./gr_common/lib/libstdc++.a(string-inst.o)
                0xfff03f78                std::string::find_first_of(std::string const&, unsigned long) const
 .text._ZNKSs13find_first_ofEPKcm
                0xfff03f83       0x20 ./gr_common/lib/libstdc++.a(string-inst.o)
                0xfff03f83                std::string::find_first_of(char const*, unsigned long) const
 .text._ZNKSs13find_first_ofEcm
                0xfff03fa3        0x4 ./gr_common/lib/libstdc++.a(string-inst.o)
                0xfff03fa3                std::string::find_first_of(char, unsigned long) const
 *fill*         0xfff03fa7        0x1 00
 .text._ZNKSs12find_last_ofEPKcmm
                0xfff03fa8       0x50 ./gr_common/lib/libstdc++.a(string-inst.o)
                0xfff03fa8                std::string::find_last_of(char const*, unsigned long, unsigned long) const
 .text._ZNKSs12find_last_ofERKSsm
                0xfff03ff8        0xb ./gr_common/lib/libstdc++.a(string-inst.o)
                0xfff03ff8                std::string::find_last_of(std::string const&, unsigned long) const
 .text._ZNKSs12find_last_ofEPKcm
                0xfff04003       0x20 ./gr_common/lib/libstdc++.a(string-inst.o)
                0xfff04003                std::string::find_last_of(char const*, unsigned long) const
 .text._ZNKSs12find_last_ofEcm
                0xfff04023        0x4 ./gr_common/lib/libstdc++.a(string-inst.o)
                0xfff04023                std::string::find_last_of(char, unsigned long) const
 *fill*         0xfff04027        0x1 00
 .text._ZNKSs17find_first_not_ofEPKcmm
                0xfff04028       0x40 ./gr_common/lib/libstdc++.a(string-inst.o)
                0xfff04028                std::string::find_first_not_of(char const*, unsigned long, unsigned long) const
 .text._ZNKSs17find_first_not_ofERKSsm
                0xfff04068        0xb ./gr_common/lib/libstdc++.a(string-inst.o)
                0xfff04068                std::string::find_first_not_of(std::string const&, unsigned long) const
 .text._ZNKSs17find_first_not_ofEPKcm
                0xfff04073       0x20 ./gr_common/lib/libstdc++.a(string-inst.o)
                0xfff04073                std::string::find_first_not_of(char const*, unsigned long) const
 *fill*         0xfff04093        0x5 00
 .text._ZNKSs17find_first_not_ofEcm
                0xfff04098       0x30 ./gr_common/lib/libstdc++.a(string-inst.o)
                0xfff04098                std::string::find_first_not_of(char, unsigned long) const
 .text._ZNKSs16find_last_not_ofEPKcmm
                0xfff040c8       0x48 ./gr_common/lib/libstdc++.a(string-inst.o)
                0xfff040c8                std::string::find_last_not_of(char const*, unsigned long, unsigned long) const
 .text._ZNKSs16find_last_not_ofERKSsm
                0xfff04110        0xb ./gr_common/lib/libstdc++.a(string-inst.o)
                0xfff04110                std::string::find_last_not_of(std::string const&, unsigned long) const
 .text._ZNKSs16find_last_not_ofEPKcm
                0xfff0411b       0x20 ./gr_common/lib/libstdc++.a(string-inst.o)
                0xfff0411b                std::string::find_last_not_of(char const*, unsigned long) const
 *fill*         0xfff0413b        0x5 00
 .text._ZNKSs16find_last_not_ofEcm
                0xfff04140       0x38 ./gr_common/lib/libstdc++.a(string-inst.o)
                0xfff04140                std::string::find_last_not_of(char, unsigned long) const
 .text._ZNKSs7compareERKSs
                0xfff04178       0x27 ./gr_common/lib/libstdc++.a(string-inst.o)
                0xfff04178                std::string::compare(std::string const&) const
 .text._ZNKSs7compareEmmRKSs
                0xfff0419f       0x42 ./gr_common/lib/libstdc++.a(string-inst.o)
                0xfff0419f                std::string::compare(unsigned long, unsigned long, std::string const&) const
 .text._ZNKSs7compareEmmRKSsmm
                0xfff041e1       0x5b ./gr_common/lib/libstdc++.a(string-inst.o)
                0xfff041e1                std::string::compare(unsigned long, unsigned long, std::string const&, unsigned long, unsigned long) const
 .text._ZNKSs7compareEPKc
                0xfff0423c       0x30 ./gr_common/lib/libstdc++.a(string-inst.o)
                0xfff0423c                std::string::compare(char const*) const
 .text._ZNKSs7compareEmmPKc
                0xfff0426c       0x48 ./gr_common/lib/libstdc++.a(string-inst.o)
                0xfff0426c                std::string::compare(unsigned long, unsigned long, char const*) const
 .text._ZNKSs7compareEmmPKcm
                0xfff042b4       0x41 ./gr_common/lib/libstdc++.a(string-inst.o)
                0xfff042b4                std::string::compare(unsigned long, unsigned long, char const*, unsigned long) const
 .text._ZNSs12_Alloc_hiderC2EPcRKSaIcE
                0xfff042f5        0x3 ./gr_common/lib/libstdc++.a(string-inst.o)
                0xfff042f5                std::string::_Alloc_hider::_Alloc_hider(char*, std::allocator<char> const&)
                0xfff042f5                std::string::_Alloc_hider::_Alloc_hider(char*, std::allocator<char> const&)
 .text._ZNSs4_Rep12_S_empty_repEv
                0xfff042f8        0x7 ./gr_common/lib/libstdc++.a(string-inst.o)
                0xfff042f8                std::string::_Rep::_S_empty_rep()
 .text._ZNKSs4_Rep12_M_is_leakedEv
                0xfff042ff        0x7 ./gr_common/lib/libstdc++.a(string-inst.o)
                0xfff042ff                std::string::_Rep::_M_is_leaked() const
 .text._ZNKSs4_Rep12_M_is_sharedEv
                0xfff04306        0xa ./gr_common/lib/libstdc++.a(string-inst.o)
                0xfff04306                std::string::_Rep::_M_is_shared() const
 .text._ZNSs4_Rep13_M_set_leakedEv
                0xfff04310        0x5 ./gr_common/lib/libstdc++.a(string-inst.o)
                0xfff04310                std::string::_Rep::_M_set_leaked()
 .text._ZNSs4_Rep15_M_set_sharableEv
                0xfff04315        0x4 ./gr_common/lib/libstdc++.a(string-inst.o)
                0xfff04315                std::string::_Rep::_M_set_sharable()
 .text._ZNSs4_Rep26_M_set_length_and_sharableEm
                0xfff04319       0x14 ./gr_common/lib/libstdc++.a(string-inst.o)
                0xfff04319                std::string::_Rep::_M_set_length_and_sharable(unsigned long)
 .text._ZNSs4_Rep10_M_refdataEv
                0xfff0432d        0x3 ./gr_common/lib/libstdc++.a(string-inst.o)
                0xfff0432d                std::string::_Rep::_M_refdata()
 .text._ZNSs4_Rep9_S_createEmmRKSaIcE
                0xfff04330       0x60 ./gr_common/lib/libstdc++.a(string-inst.o)
                0xfff04330                std::string::_Rep::_S_create(unsigned long, unsigned long, std::allocator<char> const&)
 .text._ZNSs12_S_constructEmcRKSaIcE
                0xfff04390       0x50 ./gr_common/lib/libstdc++.a(string-inst.o)
                0xfff04390                std::string::_S_construct(unsigned long, char, std::allocator<char> const&)
 .text._ZNSs18_S_construct_aux_2EmcRKSaIcE
                0xfff043e0        0x4 ./gr_common/lib/libstdc++.a(string-inst.o)
                0xfff043e0                std::string::_S_construct_aux_2(unsigned long, char, std::allocator<char> const&)
 .text._ZNSsC2EmcRKSaIcE
                0xfff043e4       0x13 ./gr_common/lib/libstdc++.a(string-inst.o)
                0xfff043e4                std::basic_string<char, std::char_traits<char>, std::allocator<char> >::basic_string(unsigned long, char, std::allocator<char> const&)
                0xfff043e4                std::basic_string<char, std::char_traits<char>, std::allocator<char> >::basic_string(unsigned long, char, std::allocator<char> const&)
 .text._ZNSsC2ERKSaIcE
                0xfff043f7       0x13 ./gr_common/lib/libstdc++.a(string-inst.o)
                0xfff043f7                std::basic_string<char, std::char_traits<char>, std::allocator<char> >::basic_string(std::allocator<char> const&)
                0xfff043f7                std::basic_string<char, std::char_traits<char>, std::allocator<char> >::basic_string(std::allocator<char> const&)
 .text._ZNSs4_Rep10_M_destroyERKSaIcE
                0xfff0440a        0x4 ./gr_common/lib/libstdc++.a(string-inst.o)
                0xfff0440a                std::string::_Rep::_M_destroy(std::allocator<char> const&)
 .text.unlikely._ZNSs4_Rep10_M_disposeERKSaIcE.part.21
                0xfff0440e       0x11 ./gr_common/lib/libstdc++.a(string-inst.o)
 .text._ZNSs4_Rep10_M_disposeERKSaIcE
                0xfff0441f        0xd ./gr_common/lib/libstdc++.a(string-inst.o)
                0xfff0441f                std::string::_Rep::_M_dispose(std::allocator<char> const&)
 .text._ZNSsD2Ev
                0xfff0442c       0x17 ./gr_common/lib/libstdc++.a(string-inst.o)
                0xfff0442c                std::basic_string<char, std::char_traits<char>, std::allocator<char> >::~basic_string()
                0xfff0442c                std::basic_string<char, std::char_traits<char>, std::allocator<char> >::~basic_string()
 *fill*         0xfff04443        0x5 00
 .text._ZNSs9_M_mutateEmmm
                0xfff04448       0xd8 ./gr_common/lib/libstdc++.a(string-inst.o)
                0xfff04448                std::string::_M_mutate(unsigned long, unsigned long, unsigned long)
 .text._ZNSs15_M_replace_safeEmmPKcm
                0xfff04520       0x36 ./gr_common/lib/libstdc++.a(string-inst.o)
                0xfff04520                std::string::_M_replace_safe(unsigned long, unsigned long, char const*, unsigned long)
 *fill*         0xfff04556        0x2 00
 .text._ZNSs6assignEPKcm
                0xfff04558       0x90 ./gr_common/lib/libstdc++.a(string-inst.o)
                0xfff04558                std::string::assign(char const*, unsigned long)
 .text._ZNSs6assignESt16initializer_listIcE
                0xfff045e8        0x4 ./gr_common/lib/libstdc++.a(string-inst.o)
                0xfff045e8                std::string::assign(std::initializer_list<char>)
 .text._ZNSs6assignEPKc
                0xfff045ec       0x1c ./gr_common/lib/libstdc++.a(string-inst.o)
                0xfff045ec                std::string::assign(char const*)
 .text._ZNSs6assignERKSsmm
                0xfff04608       0x26 ./gr_common/lib/libstdc++.a(string-inst.o)
                0xfff04608                std::string::assign(std::string const&, unsigned long, unsigned long)
 .text._ZNSsaSESt16initializer_listIcE
                0xfff0462e        0xd ./gr_common/lib/libstdc++.a(string-inst.o)
                0xfff0462e                std::string::operator=(std::initializer_list<char>)
 .text._ZNSsaSEPKc
                0xfff0463b       0x1c ./gr_common/lib/libstdc++.a(string-inst.o)
                0xfff0463b                std::string::operator=(char const*)
 .text._ZNSs14_M_replace_auxEmmmc
                0xfff04657       0x50 ./gr_common/lib/libstdc++.a(string-inst.o)
                0xfff04657                std::string::_M_replace_aux(unsigned long, unsigned long, unsigned long, char)
 .text._ZNSs7replaceEN9__gnu_cxx17__normal_iteratorIPcSsEES2_mc
                0xfff046a7       0x14 ./gr_common/lib/libstdc++.a(string-inst.o)
                0xfff046a7                std::string::replace(__gnu_cxx::__normal_iterator<char*, std::string>, __gnu_cxx::__normal_iterator<char*, std::string>, unsigned long, char)
 .text._ZNSs7replaceEmmmc
                0xfff046bb       0x31 ./gr_common/lib/libstdc++.a(string-inst.o)
                0xfff046bb                std::string::replace(unsigned long, unsigned long, unsigned long, char)
 .text._ZNSs6insertEN9__gnu_cxx17__normal_iteratorIPcSsEEc
                0xfff046ec       0x25 ./gr_common/lib/libstdc++.a(string-inst.o)
                0xfff046ec                std::string::insert(__gnu_cxx::__normal_iterator<char*, std::string>, char)
 .text._ZNSs6insertEmmc
                0xfff04711       0x25 ./gr_common/lib/libstdc++.a(string-inst.o)
                0xfff04711                std::string::insert(unsigned long, unsigned long, char)
 .text._ZNSs6assignEmc
                0xfff04736       0x14 ./gr_common/lib/libstdc++.a(string-inst.o)
                0xfff04736                std::string::assign(unsigned long, char)
 .text._ZNSs6insertEN9__gnu_cxx17__normal_iteratorIPcSsEEmc
                0xfff0474a       0x13 ./gr_common/lib/libstdc++.a(string-inst.o)
                0xfff0474a                std::string::insert(__gnu_cxx::__normal_iterator<char*, std::string>, unsigned long, char)
 .text._ZNSsaSEc
                0xfff0475d       0x1b ./gr_common/lib/libstdc++.a(string-inst.o)
                0xfff0475d                std::string::operator=(char)
 .text._ZNSs5eraseEN9__gnu_cxx17__normal_iteratorIPcSsEES2_
                0xfff04778       0x27 ./gr_common/lib/libstdc++.a(string-inst.o)
                0xfff04778                std::string::erase(__gnu_cxx::__normal_iterator<char*, std::string>, __gnu_cxx::__normal_iterator<char*, std::string>)
 .text._ZNSs5eraseEN9__gnu_cxx17__normal_iteratorIPcSsEE
                0xfff0479f       0x21 ./gr_common/lib/libstdc++.a(string-inst.o)
                0xfff0479f                std::string::erase(__gnu_cxx::__normal_iterator<char*, std::string>)
 .text._ZNSs5eraseEmm
                0xfff047c0       0x2c ./gr_common/lib/libstdc++.a(string-inst.o)
                0xfff047c0                std::string::erase(unsigned long, unsigned long)
 *fill*         0xfff047ec        0x4 00
 .text._ZNSs6insertEmPKcm
                0xfff047f0       0xe0 ./gr_common/lib/libstdc++.a(string-inst.o)
                0xfff047f0                std::string::insert(unsigned long, char const*, unsigned long)
 .text._ZNSs6insertEmPKc
                0xfff048d0       0x20 ./gr_common/lib/libstdc++.a(string-inst.o)
                0xfff048d0                std::string::insert(unsigned long, char const*)
 .text._ZNSs6insertEmRKSsmm
                0xfff048f0       0x2d ./gr_common/lib/libstdc++.a(string-inst.o)
                0xfff048f0                std::string::insert(unsigned long, std::string const&, unsigned long, unsigned long)
 .text._ZNSs6insertEN9__gnu_cxx17__normal_iteratorIPcSsEESt16initializer_listIcE
                0xfff0491d        0x7 ./gr_common/lib/libstdc++.a(string-inst.o)
                0xfff0491d                std::string::insert(__gnu_cxx::__normal_iterator<char*, std::string>, std::initializer_list<char>)
 .text._ZNSs6insertEmRKSs
                0xfff04924        0xb ./gr_common/lib/libstdc++.a(string-inst.o)
                0xfff04924                std::string::insert(unsigned long, std::string const&)
 .text._ZNSs5clearEv
                0xfff0492f        0xe ./gr_common/lib/libstdc++.a(string-inst.o)
                0xfff0492f                std::string::clear()
 *fill*         0xfff0493d        0x3 00
 .text._ZNSs12_M_leak_hardEv
                0xfff04940       0x30 ./gr_common/lib/libstdc++.a(string-inst.o)
                0xfff04940                std::string::_M_leak_hard()
 .text._ZNSs7_M_leakEv
                0xfff04970       0x10 ./gr_common/lib/libstdc++.a(string-inst.o)
                0xfff04970                std::string::_M_leak()
 .text._ZNSsixEm
                0xfff04980       0x28 ./gr_common/lib/libstdc++.a(string-inst.o)
                0xfff04980                std::string::operator[](unsigned long)
 .text._ZNSs4backEv
                0xfff049a8       0x20 ./gr_common/lib/libstdc++.a(string-inst.o)
                0xfff049a8                std::string::back()
 .text._ZNSs5frontEv
                0xfff049c8       0x20 ./gr_common/lib/libstdc++.a(string-inst.o)
                0xfff049c8                std::string::front()
 .text._ZNSs3endEv
                0xfff049e8       0x20 ./gr_common/lib/libstdc++.a(string-inst.o)
                0xfff049e8                std::string::end()
 .text._ZNSs5beginEv
                0xfff04a08       0x20 ./gr_common/lib/libstdc++.a(string-inst.o)
                0xfff04a08                std::string::begin()
 .text._ZNSs4rendEv
                0xfff04a28       0x28 ./gr_common/lib/libstdc++.a(string-inst.o)
                0xfff04a28                std::string::rend()
 .text._ZNSs6rbeginEv
                0xfff04a50       0x28 ./gr_common/lib/libstdc++.a(string-inst.o)
                0xfff04a50                std::string::rbegin()
 .text._ZNSs2atEm
                0xfff04a78       0x30 ./gr_common/lib/libstdc++.a(string-inst.o)
                0xfff04a78                std::string::at(unsigned long)
 .text._ZNSs4_Rep10_M_refcopyEv
                0xfff04aa8       0x15 ./gr_common/lib/libstdc++.a(string-inst.o)
                0xfff04aa8                std::string::_Rep::_M_refcopy()
 *fill*         0xfff04abd        0x3 00
 .text._ZNSs4_Rep8_M_cloneERKSaIcEm
                0xfff04ac0       0x50 ./gr_common/lib/libstdc++.a(string-inst.o)
                0xfff04ac0                std::string::_Rep::_M_clone(std::allocator<char> const&, unsigned long)
 .text._ZNSs4_Rep7_M_grabERKSaIcES2_
                0xfff04b10       0x22 ./gr_common/lib/libstdc++.a(string-inst.o)
                0xfff04b10                std::string::_Rep::_M_grab(std::allocator<char> const&, std::allocator<char> const&)
 *fill*         0xfff04b32        0x6 00
 .text._ZNSs7reserveEm
                0xfff04b38       0x50 ./gr_common/lib/libstdc++.a(string-inst.o)
                0xfff04b38                std::string::reserve(unsigned long)
 .text._ZNSs9push_backEc
                0xfff04b88       0x60 ./gr_common/lib/libstdc++.a(string-inst.o)
                0xfff04b88                std::string::push_back(char)
 .text._ZNSs6appendEmc
                0xfff04be8       0x78 ./gr_common/lib/libstdc++.a(string-inst.o)
                0xfff04be8                std::string::append(unsigned long, char)
 .text._ZNSs6resizeEmc
                0xfff04c60       0x2e ./gr_common/lib/libstdc++.a(string-inst.o)
                0xfff04c60                std::string::resize(unsigned long, char)
 .text._ZNSs6resizeEm
                0xfff04c8e        0x6 ./gr_common/lib/libstdc++.a(string-inst.o)
                0xfff04c8e                std::string::resize(unsigned long)
 *fill*         0xfff04c94        0x4 00
 .text._ZNSs6appendEPKcm
                0xfff04c98       0xa0 ./gr_common/lib/libstdc++.a(string-inst.o)
                0xfff04c98                std::string::append(char const*, unsigned long)
 .text._ZNSs6appendESt16initializer_listIcE
                0xfff04d38        0x4 ./gr_common/lib/libstdc++.a(string-inst.o)
                0xfff04d38                std::string::append(std::initializer_list<char>)
 .text._ZNSs6appendEPKc
                0xfff04d3c       0x1c ./gr_common/lib/libstdc++.a(string-inst.o)
                0xfff04d3c                std::string::append(char const*)
 .text._ZNSspLESt16initializer_listIcE
                0xfff04d58        0x4 ./gr_common/lib/libstdc++.a(string-inst.o)
                0xfff04d58                std::string::operator+=(std::initializer_list<char>)
 .text._ZNSspLEPKc
                0xfff04d5c       0x1c ./gr_common/lib/libstdc++.a(string-inst.o)
                0xfff04d5c                std::string::operator+=(char const*)
 .text._ZNSs6appendERKSsmm
                0xfff04d78       0x88 ./gr_common/lib/libstdc++.a(string-inst.o)
                0xfff04d78                std::string::append(std::string const&, unsigned long, unsigned long)
 .text._ZNSs6appendERKSs
                0xfff04e00       0x70 ./gr_common/lib/libstdc++.a(string-inst.o)
                0xfff04e00                std::string::append(std::string const&)
 .text._ZNSspLERKSs
                0xfff04e70        0x4 ./gr_common/lib/libstdc++.a(string-inst.o)
                0xfff04e70                std::string::operator+=(std::string const&)
 *fill*         0xfff04e74        0x4 00
 .text._ZNSs13shrink_to_fitEv
                0xfff04e78       0x50 ./gr_common/lib/libstdc++.a(string-inst.o)
                0xfff04e78                std::string::shrink_to_fit()
 .text._ZNSspLEc
                0xfff04ec8       0x58 ./gr_common/lib/libstdc++.a(string-inst.o)
                0xfff04ec8                std::string::operator+=(char)
 .text._ZNSsC2ERKSs
                0xfff04f20       0x38 ./gr_common/lib/libstdc++.a(string-inst.o)
                0xfff04f20                std::basic_string<char, std::char_traits<char>, std::allocator<char> >::basic_string(std::string const&)
                0xfff04f20                std::basic_string<char, std::char_traits<char>, std::allocator<char> >::basic_string(std::string const&)
 .text._ZNSs6assignERKSs
                0xfff04f58       0x58 ./gr_common/lib/libstdc++.a(string-inst.o)
                0xfff04f58                std::string::assign(std::string const&)
 .text._ZNSsaSERKSs
                0xfff04fb0        0x4 ./gr_common/lib/libstdc++.a(string-inst.o)
                0xfff04fb0                std::string::operator=(std::string const&)
 .text._ZStplIcSt11char_traitsIcESaIcEESbIT_T0_T1_EPKS3_RKS6_
                0xfff04fb4       0x80 ./gr_common/lib/libstdc++.a(string-inst.o)
                0xfff04fb4                std::basic_string<char, std::char_traits<char>, std::allocator<char> > std::operator+<char, std::char_traits<char>, std::allocator<char> >(char const*, std::basic_string<char, std::char_traits<char>, std::allocator<char> > const&)
 .text._ZStplIcSt11char_traitsIcESaIcEESbIT_T0_T1_ES3_RKS6_
                0xfff05034       0x79 ./gr_common/lib/libstdc++.a(string-inst.o)
                0xfff05034                std::basic_string<char, std::char_traits<char>, std::allocator<char> > std::operator+<char, std::char_traits<char>, std::allocator<char> >(char, std::basic_string<char, std::char_traits<char>, std::allocator<char> > const&)
 .text._ZStplIcSt11char_traitsIcESaIcEESbIT_T0_T1_ERKS6_S8_
                0xfff050ad       0x61 ./gr_common/lib/libstdc++.a(string-inst.o)
                0xfff050ad                std::basic_string<char, std::char_traits<char>, std::allocator<char> > std::operator+<char, std::char_traits<char>, std::allocator<char> >(std::basic_string<char, std::char_traits<char>, std::allocator<char> > const&, std::basic_string<char, std::char_traits<char>, std::allocator<char> > const&)
 *fill*         0xfff0510e        0x2 00
 .text._ZNSs12_S_constructIN9__gnu_cxx17__normal_iteratorIPcSsEEEES2_T_S4_RKSaIcESt20forward_iterator_tag
                0xfff05110       0x50 ./gr_common/lib/libstdc++.a(string-inst.o)
                0xfff05110                char* std::string::_S_construct<__gnu_cxx::__normal_iterator<char*, std::string> >(__gnu_cxx::__normal_iterator<char*, std::string>, __gnu_cxx::__normal_iterator<char*, std::string>, std::allocator<char> const&, std::forward_iterator_tag)
 .text._ZNSsC2IN9__gnu_cxx17__normal_iteratorIPcSsEEEET_S4_RKSaIcE
                0xfff05160       0x18 ./gr_common/lib/libstdc++.a(string-inst.o)
                0xfff05160                std::basic_string<char, std::char_traits<char>, std::allocator<char> >::basic_string<__gnu_cxx::__normal_iterator<char*, std::string> >(__gnu_cxx::__normal_iterator<char*, std::string>, __gnu_cxx::__normal_iterator<char*, std::string>, std::allocator<char> const&)
                0xfff05160                std::basic_string<char, std::char_traits<char>, std::allocator<char> >::basic_string<__gnu_cxx::__normal_iterator<char*, std::string> >(__gnu_cxx::__normal_iterator<char*, std::string>, __gnu_cxx::__normal_iterator<char*, std::string>, std::allocator<char> const&)
 .text._ZNSs12_S_constructIPcEES0_T_S1_RKSaIcESt20forward_iterator_tag
                0xfff05178       0x78 ./gr_common/lib/libstdc++.a(string-inst.o)
                0xfff05178                char* std::string::_S_construct<char*>(char*, char*, std::allocator<char> const&, std::forward_iterator_tag)
 .text._ZNSsC2IPcEET_S1_RKSaIcE
                0xfff051f0       0x18 ./gr_common/lib/libstdc++.a(string-inst.o)
                0xfff051f0                std::basic_string<char, std::char_traits<char>, std::allocator<char> >::basic_string<char*>(char*, char*, std::allocator<char> const&)
                0xfff051f0                std::basic_string<char, std::char_traits<char>, std::allocator<char> >::basic_string<char*>(char*, char*, std::allocator<char> const&)
 .text._ZNSsC2ERKSsmmRKSaIcE
                0xfff05208       0x3a ./gr_common/lib/libstdc++.a(string-inst.o)
                0xfff05208                std::basic_string<char, std::char_traits<char>, std::allocator<char> >::basic_string(std::string const&, unsigned long, unsigned long, std::allocator<char> const&)
                0xfff05208                std::basic_string<char, std::char_traits<char>, std::allocator<char> >::basic_string(std::string const&, unsigned long, unsigned long, std::allocator<char> const&)
 .text._ZNSsC2ERKSsmm
                0xfff05242       0x3a ./gr_common/lib/libstdc++.a(string-inst.o)
                0xfff05242                std::basic_string<char, std::char_traits<char>, std::allocator<char> >::basic_string(std::string const&, unsigned long, unsigned long)
                0xfff05242                std::basic_string<char, std::char_traits<char>, std::allocator<char> >::basic_string(std::string const&, unsigned long, unsigned long)
 .text._ZNKSs6substrEmm
                0xfff0527c       0x2d ./gr_common/lib/libstdc++.a(string-inst.o)
                0xfff0527c                std::string::substr(unsigned long, unsigned long) const
 *fill*         0xfff052a9        0x7 00
 .text._ZNSs12_S_constructIPKcEEPcT_S3_RKSaIcESt20forward_iterator_tag
                0xfff052b0       0x78 ./gr_common/lib/libstdc++.a(string-inst.o)
                0xfff052b0                char* std::string::_S_construct<char const*>(char const*, char const*, std::allocator<char> const&, std::forward_iterator_tag)
 .text._ZNSsC2IPKcEET_S2_RKSaIcE
                0xfff05328       0x18 ./gr_common/lib/libstdc++.a(string-inst.o)
                0xfff05328                std::basic_string<char, std::char_traits<char>, std::allocator<char> >::basic_string<char const*>(char const*, char const*, std::allocator<char> const&)
                0xfff05328                std::basic_string<char, std::char_traits<char>, std::allocator<char> >::basic_string<char const*>(char const*, char const*, std::allocator<char> const&)
 .text._ZNSsC2ESt16initializer_listIcERKSaIcE
                0xfff05340       0x18 ./gr_common/lib/libstdc++.a(string-inst.o)
                0xfff05340                std::basic_string<char, std::char_traits<char>, std::allocator<char> >::basic_string(std::initializer_list<char>, std::allocator<char> const&)
                0xfff05340                std::basic_string<char, std::char_traits<char>, std::allocator<char> >::basic_string(std::initializer_list<char>, std::allocator<char> const&)
 .text._ZNSsC2EPKcRKSaIcE
                0xfff05358       0x38 ./gr_common/lib/libstdc++.a(string-inst.o)
                0xfff05358                std::basic_string<char, std::char_traits<char>, std::allocator<char> >::basic_string(char const*, std::allocator<char> const&)
                0xfff05358                std::basic_string<char, std::char_traits<char>, std::allocator<char> >::basic_string(char const*, std::allocator<char> const&)
 .text._ZNSsC2EPKcmRKSaIcE
                0xfff05390       0x18 ./gr_common/lib/libstdc++.a(string-inst.o)
                0xfff05390                std::basic_string<char, std::char_traits<char>, std::allocator<char> >::basic_string(char const*, unsigned long, std::allocator<char> const&)
                0xfff05390                std::basic_string<char, std::char_traits<char>, std::allocator<char> >::basic_string(char const*, unsigned long, std::allocator<char> const&)
 .text._ZNSs7replaceEmmPKcm
                0xfff053a8      0x198 ./gr_common/lib/libstdc++.a(string-inst.o)
                0xfff053a8                std::string::replace(unsigned long, unsigned long, char const*, unsigned long)
 .text._ZNSs7replaceEN9__gnu_cxx17__normal_iteratorIPcSsEES2_NS0_IPKcSsEES5_
                0xfff05540       0x1f ./gr_common/lib/libstdc++.a(string-inst.o)
                0xfff05540                std::string::replace(__gnu_cxx::__normal_iterator<char*, std::string>, __gnu_cxx::__normal_iterator<char*, std::string>, __gnu_cxx::__normal_iterator<char const*, std::string>, __gnu_cxx::__normal_iterator<char const*, std::string>)
 .text._ZNSs7replaceEN9__gnu_cxx17__normal_iteratorIPcSsEES2_S2_S2_
                0xfff0555f       0x1f ./gr_common/lib/libstdc++.a(string-inst.o)
                0xfff0555f                std::string::replace(__gnu_cxx::__normal_iterator<char*, std::string>, __gnu_cxx::__normal_iterator<char*, std::string>, __gnu_cxx::__normal_iterator<char*, std::string>, __gnu_cxx::__normal_iterator<char*, std::string>)
 .text._ZNSs7replaceEN9__gnu_cxx17__normal_iteratorIPcSsEES2_PKcS4_
                0xfff0557e       0x1f ./gr_common/lib/libstdc++.a(string-inst.o)
                0xfff0557e                std::string::replace(__gnu_cxx::__normal_iterator<char*, std::string>, __gnu_cxx::__normal_iterator<char*, std::string>, char const*, char const*)
 .text._ZNSs7replaceEN9__gnu_cxx17__normal_iteratorIPcSsEES2_S1_S1_
                0xfff0559d       0x1f ./gr_common/lib/libstdc++.a(string-inst.o)
                0xfff0559d                std::string::replace(__gnu_cxx::__normal_iterator<char*, std::string>, __gnu_cxx::__normal_iterator<char*, std::string>, char*, char*)
 .text._ZNSs7replaceEN9__gnu_cxx17__normal_iteratorIPcSsEES2_PKcm
                0xfff055bc       0x14 ./gr_common/lib/libstdc++.a(string-inst.o)
                0xfff055bc                std::string::replace(__gnu_cxx::__normal_iterator<char*, std::string>, __gnu_cxx::__normal_iterator<char*, std::string>, char const*, unsigned long)
 .text._ZNSs7replaceEmmPKc
                0xfff055d0       0x24 ./gr_common/lib/libstdc++.a(string-inst.o)
                0xfff055d0                std::string::replace(unsigned long, unsigned long, char const*)
 .text._ZNSs7replaceEmmRKSsmm
                0xfff055f4       0x38 ./gr_common/lib/libstdc++.a(string-inst.o)
                0xfff055f4                std::string::replace(unsigned long, unsigned long, std::string const&, unsigned long, unsigned long)
 .text._ZNSs7replaceEmmRKSs
                0xfff0562c       0x11 ./gr_common/lib/libstdc++.a(string-inst.o)
                0xfff0562c                std::string::replace(unsigned long, unsigned long, std::string const&)
 .text._ZNSs7replaceEN9__gnu_cxx17__normal_iteratorIPcSsEES2_St16initializer_listIcE
                0xfff0563d       0x20 ./gr_common/lib/libstdc++.a(string-inst.o)
                0xfff0563d                std::string::replace(__gnu_cxx::__normal_iterator<char*, std::string>, __gnu_cxx::__normal_iterator<char*, std::string>, std::initializer_list<char>)
 .text._ZNSs7replaceEN9__gnu_cxx17__normal_iteratorIPcSsEES2_PKc
                0xfff0565d       0x27 ./gr_common/lib/libstdc++.a(string-inst.o)
                0xfff0565d                std::string::replace(__gnu_cxx::__normal_iterator<char*, std::string>, __gnu_cxx::__normal_iterator<char*, std::string>, char const*)
 .text._ZNSs7replaceEN9__gnu_cxx17__normal_iteratorIPcSsEES2_RKSs
                0xfff05684       0x1c ./gr_common/lib/libstdc++.a(string-inst.o)
                0xfff05684                std::string::replace(__gnu_cxx::__normal_iterator<char*, std::string>, __gnu_cxx::__normal_iterator<char*, std::string>, std::string const&)
 .text._ZN9__gnu_cxxeqIPcSsEEbRKNS_17__normal_iteratorIT_T0_EES7_
                0xfff056a0        0xb ./gr_common/lib/libstdc++.a(string-inst.o)
                0xfff056a0                bool __gnu_cxx::operator==<char*, std::string>(__gnu_cxx::__normal_iterator<char*, std::string> const&, __gnu_cxx::__normal_iterator<char*, std::string> const&)
 .text._ZN9__gnu_cxxeqIPKcSsEEbRKNS_17__normal_iteratorIT_T0_EES8_
                0xfff056ab        0xb ./gr_common/lib/libstdc++.a(string-inst.o)
                0xfff056ab                bool __gnu_cxx::operator==<char const*, std::string>(__gnu_cxx::__normal_iterator<char const*, std::string> const&, __gnu_cxx::__normal_iterator<char const*, std::string> const&)
 .text._ZdlPv   0xfff056b6        0x8 ./gr_common/lib/libstdc++.a(del_op.o)
                0xfff056b6                operator delete(void*)
 .text.__cxa_get_exception_ptr
                0xfff056be        0x6 ./gr_common/lib/libstdc++.a(eh_catch.o)
                0xfff056be                __cxa_get_exception_ptr
 *fill*         0xfff056c4        0x4 00
 .text.__cxa_begin_catch
                0xfff056c8       0x60 ./gr_common/lib/libstdc++.a(eh_catch.o)
                0xfff056c8                __cxa_begin_catch
 .text.__cxa_end_catch
                0xfff05728       0x68 ./gr_common/lib/libstdc++.a(eh_catch.o)
                0xfff05728                __cxa_end_catch
 .text._ZSt18uncaught_exceptionv
                0xfff05790        0xe ./gr_common/lib/libstdc++.a(eh_catch.o)
                0xfff05790                std::uncaught_exception()
 *fill*         0xfff0579e        0x2 00
 .text._ZL12read_sleb128PKhPl
                0xfff057a0       0x38 ./gr_common/lib/libstdc++.a(eh_personality.o)
 .text._ZL21base_of_encoded_valuehP15_Unwind_Context
                0xfff057d8       0x48 ./gr_common/lib/libstdc++.a(eh_personality.o)
 .text._ZL28read_encoded_value_with_basehjPKhPj
                0xfff05820       0xa0 ./gr_common/lib/libstdc++.a(eh_personality.o)
 .text._ZL17parse_lsda_headerP15_Unwind_ContextPKhP16lsda_header_info.constprop.5
                0xfff058c0       0x98 ./gr_common/lib/libstdc++.a(eh_personality.o)
 .text._ZL15get_ttype_entryP16lsda_header_infom.constprop.6
                0xfff05958       0x70 ./gr_common/lib/libstdc++.a(eh_personality.o)
 .text._ZL20check_exception_specP16lsda_header_infoPKSt9type_infoPvl.constprop.4
                0xfff059c8       0x78 ./gr_common/lib/libstdc++.a(eh_personality.o)
 .text.__gxx_personality_sj0
                0xfff05a40      0x3d0 ./gr_common/lib/libstdc++.a(eh_personality.o)
                0xfff05a40                __gxx_personality_sj0
 .text.__cxa_call_unexpected
                0xfff05e10      0x100 ./gr_common/lib/libstdc++.a(eh_personality.o)
                0xfff05e10                __cxa_call_unexpected
 .text._ZNSt9exceptionD2Ev
                0xfff05f10        0x7 ./gr_common/lib/libstdc++.a(eh_exception.o)
                0xfff05f10                std::exception::~exception()
                0xfff05f10                std::exception::~exception()
 .text._ZNSt13bad_exceptionD2Ev
                0xfff05f17        0x7 ./gr_common/lib/libstdc++.a(eh_exception.o)
                0xfff05f17                std::bad_exception::~bad_exception()
                0xfff05f17                std::bad_exception::~bad_exception()
 .text._ZN10__cxxabiv115__forced_unwindD2Ev
                0xfff05f1e        0x7 ./gr_common/lib/libstdc++.a(eh_exception.o)
                0xfff05f1e                __cxxabiv1::__forced_unwind::~__forced_unwind()
                0xfff05f1e                __cxxabiv1::__forced_unwind::~__forced_unwind()
 .text._ZN10__cxxabiv119__foreign_exceptionD2Ev
                0xfff05f25        0x7 ./gr_common/lib/libstdc++.a(eh_exception.o)
                0xfff05f25                __cxxabiv1::__foreign_exception::~__foreign_exception()
                0xfff05f25                __cxxabiv1::__foreign_exception::~__foreign_exception()
 .text._ZNKSt9exception4whatEv
                0xfff05f2c        0x7 ./gr_common/lib/libstdc++.a(eh_exception.o)
                0xfff05f2c                std::exception::what() const
 .text._ZNKSt13bad_exception4whatEv
                0xfff05f33        0x7 ./gr_common/lib/libstdc++.a(eh_exception.o)
                0xfff05f33                std::bad_exception::what() const
 .text._ZN10__cxxabiv119__foreign_exceptionD0Ev
                0xfff05f3a        0xa ./gr_common/lib/libstdc++.a(eh_exception.o)
                0xfff05f3a                __cxxabiv1::__foreign_exception::~__foreign_exception()
 .text._ZN10__cxxabiv115__forced_unwindD0Ev
                0xfff05f44        0xa ./gr_common/lib/libstdc++.a(eh_exception.o)
                0xfff05f44                __cxxabiv1::__forced_unwind::~__forced_unwind()
 .text._ZNSt13bad_exceptionD0Ev
                0xfff05f4e        0xa ./gr_common/lib/libstdc++.a(eh_exception.o)
                0xfff05f4e                std::bad_exception::~bad_exception()
 .text._ZNSt9exceptionD0Ev
                0xfff05f58        0xa ./gr_common/lib/libstdc++.a(eh_exception.o)
                0xfff05f58                std::exception::~exception()
 *fill*         0xfff05f62        0x6 00
 .text._Znwm    0xfff05f68       0xb0 ./gr_common/lib/libstdc++.a(new_op.o)
                0xfff05f68                operator new(unsigned long)
 .text.__cxa_pure_virtual
                0xfff06018       0x13 ./gr_common/lib/libstdc++.a(pure.o)
                0xfff06018                __cxa_pure_virtual
 .text.__cxa_get_globals_fast
                0xfff0602b        0x7 ./gr_common/lib/libstdc++.a(eh_globals.o)
                0xfff0602b                __cxa_get_globals_fast
 .text.__cxa_get_globals
                0xfff06032        0x7 ./gr_common/lib/libstdc++.a(eh_globals.o)
                0xfff06032                __cxa_get_globals
 .text._ZN10__cxxabiv111__terminateEPFvvE
                0xfff06039       0x76 ./gr_common/lib/libstdc++.a(eh_terminate.o)
                0xfff06039                __cxxabiv1::__terminate(void (*)())
 .text._ZSt9terminatev
                0xfff060af        0xc ./gr_common/lib/libstdc++.a(eh_terminate.o)
                0xfff060af                std::terminate()
 .text._ZN10__cxxabiv112__unexpectedEPFvvE
                0xfff060bb        0x6 ./gr_common/lib/libstdc++.a(eh_terminate.o)
                0xfff060bb                __cxxabiv1::__unexpected(void (*)())
 .text._ZSt10unexpectedv
                0xfff060c1        0xe ./gr_common/lib/libstdc++.a(eh_terminate.o)
                0xfff060c1                std::unexpected()
 .text._ZSt13set_terminatePFvvE
                0xfff060cf        0xd ./gr_common/lib/libstdc++.a(eh_terminate.o)
                0xfff060cf                std::set_terminate(void (*)())
 .text._ZSt14set_unexpectedPFvvE
                0xfff060dc        0xd ./gr_common/lib/libstdc++.a(eh_terminate.o)
                0xfff060dc                std::set_unexpected(void (*)())
 *fill*         0xfff060e9        0x7 00
 .text.__cxa_allocate_exception
                0xfff060f0       0x68 ./gr_common/lib/libstdc++.a(eh_alloc.o)
                0xfff060f0                __cxa_allocate_exception
 .text.__cxa_free_exception
                0xfff06158       0x40 ./gr_common/lib/libstdc++.a(eh_alloc.o)
                0xfff06158                __cxa_free_exception
 .text.__cxa_allocate_dependent_exception
                0xfff06198       0x60 ./gr_common/lib/libstdc++.a(eh_alloc.o)
                0xfff06198                __cxa_allocate_dependent_exception
 .text.__cxa_free_dependent_exception
                0xfff061f8       0x40 ./gr_common/lib/libstdc++.a(eh_alloc.o)
                0xfff061f8                __cxa_free_dependent_exception
 .text._ZSt21__throw_bad_exceptionv
                0xfff06238       0x1c ./gr_common/lib/libstdc++.a(functexcept.o)
                0xfff06238                std::__throw_bad_exception()
 .text._ZSt17__throw_bad_allocv
                0xfff06254       0x1c ./gr_common/lib/libstdc++.a(functexcept.o)
                0xfff06254                std::__throw_bad_alloc()
 .text._ZSt16__throw_bad_castv
                0xfff06270       0x1c ./gr_common/lib/libstdc++.a(functexcept.o)
                0xfff06270                std::__throw_bad_cast()
 .text._ZSt18__throw_bad_typeidv
                0xfff0628c       0x1c ./gr_common/lib/libstdc++.a(functexcept.o)
                0xfff0628c                std::__throw_bad_typeid()
 .text._ZSt19__throw_logic_errorPKc
                0xfff062a8       0xa0 ./gr_common/lib/libstdc++.a(functexcept.o)
                0xfff062a8                std::__throw_logic_error(char const*)
 .text._ZSt20__throw_domain_errorPKc
                0xfff06348       0xa0 ./gr_common/lib/libstdc++.a(functexcept.o)
                0xfff06348                std::__throw_domain_error(char const*)
 .text._ZSt24__throw_invalid_argumentPKc
                0xfff063e8       0xa0 ./gr_common/lib/libstdc++.a(functexcept.o)
                0xfff063e8                std::__throw_invalid_argument(char const*)
 .text._ZSt20__throw_length_errorPKc
                0xfff06488       0xa0 ./gr_common/lib/libstdc++.a(functexcept.o)
                0xfff06488                std::__throw_length_error(char const*)
 .text._ZSt20__throw_out_of_rangePKc
                0xfff06528       0xa0 ./gr_common/lib/libstdc++.a(functexcept.o)
                0xfff06528                std::__throw_out_of_range(char const*)
 .text._ZSt21__throw_runtime_errorPKc
                0xfff065c8       0xa0 ./gr_common/lib/libstdc++.a(functexcept.o)
                0xfff065c8                std::__throw_runtime_error(char const*)
 .text._ZSt19__throw_range_errorPKc
                0xfff06668       0xa0 ./gr_common/lib/libstdc++.a(functexcept.o)
                0xfff06668                std::__throw_range_error(char const*)
 .text._ZSt22__throw_overflow_errorPKc
                0xfff06708       0xa0 ./gr_common/lib/libstdc++.a(functexcept.o)
                0xfff06708                std::__throw_overflow_error(char const*)
 .text._ZSt23__throw_underflow_errorPKc
                0xfff067a8       0xa0 ./gr_common/lib/libstdc++.a(functexcept.o)
                0xfff067a8                std::__throw_underflow_error(char const*)
 .text._ZSt19__throw_ios_failurePKc
                0xfff06848       0x79 ./gr_common/lib/libstdc++.a(functexcept.o)
                0xfff06848                std::__throw_ios_failure(char const*)
 *fill*         0xfff068c1        0x7 00
 .text._ZSt20__throw_system_errori
                0xfff068c8       0xb8 ./gr_common/lib/libstdc++.a(functexcept.o)
                0xfff068c8                std::__throw_system_error(int)
 .text._ZSt20__throw_future_errori
                0xfff06980       0xc0 ./gr_common/lib/libstdc++.a(functexcept.o)
                0xfff06980                std::__throw_future_error(int)
 .text._ZSt25__throw_bad_function_callv
                0xfff06a40       0x1c ./gr_common/lib/libstdc++.a(functexcept.o)
                0xfff06a40                std::__throw_bad_function_call()
 .text._ZSt19__throw_regex_errorNSt15regex_constants10error_typeE
                0xfff06a5c       0x61 ./gr_common/lib/libstdc++.a(functexcept.o)
                0xfff06a5c                std::__throw_regex_error(std::regex_constants::error_type)
 .text._ZNSt17bad_function_callD2Ev
                0xfff06abd        0xa ./gr_common/lib/libstdc++.a(functional.o)
                0xfff06abd                std::bad_function_call::~bad_function_call()
                0xfff06abd                std::bad_function_call::~bad_function_call()
 .text._ZNSt17bad_function_callD0Ev
                0xfff06ac7       0x16 ./gr_common/lib/libstdc++.a(functional.o)
                0xfff06ac7                std::bad_function_call::~bad_function_call()
 .text._ZNKSt8ios_base7failure4whatEv
                0xfff06add        0x3 ./gr_common/lib/libstdc++.a(ios_failure.o)
                0xfff06add                std::ios_base::failure::what() const
 .text._ZNSt8ios_base7failureD2Ev
                0xfff06ae0       0x38 ./gr_common/lib/libstdc++.a(ios_failure.o)
                0xfff06ae0                std::ios_base::failure::~failure()
                0xfff06ae0                std::ios_base::failure::~failure()
 .text._ZNSt8ios_base7failureD0Ev
                0xfff06b18       0x10 ./gr_common/lib/libstdc++.a(ios_failure.o)
                0xfff06b18                std::ios_base::failure::~failure()
 .text._ZNSt8ios_base7failureC2ERKSs
                0xfff06b28       0x6e ./gr_common/lib/libstdc++.a(ios_failure.o)
                0xfff06b28                std::ios_base::failure::failure(std::string const&)
                0xfff06b28                std::ios_base::failure::failure(std::string const&)
 .text._ZNKSt11logic_error4whatEv
                0xfff06b96        0x3 ./gr_common/lib/libstdc++.a(stdexcept.o)
                0xfff06b96                std::logic_error::what() const
 .text._ZNKSt13runtime_error4whatEv
                0xfff06b99        0x3 ./gr_common/lib/libstdc++.a(stdexcept.o)
                0xfff06b99                std::runtime_error::what() const
 *fill*         0xfff06b9c        0x4 00
 .text._ZNSt11logic_errorD2Ev
                0xfff06ba0       0x38 ./gr_common/lib/libstdc++.a(stdexcept.o)
                0xfff06ba0                std::logic_error::~logic_error()
                0xfff06ba0                std::logic_error::~logic_error()
 .text._ZNSt12out_of_rangeD2Ev
                0xfff06bd8        0xa ./gr_common/lib/libstdc++.a(stdexcept.o)
                0xfff06bd8                std::out_of_range::~out_of_range()
                0xfff06bd8                std::out_of_range::~out_of_range()
 .text._ZNSt12out_of_rangeD0Ev
                0xfff06be2       0x16 ./gr_common/lib/libstdc++.a(stdexcept.o)
                0xfff06be2                std::out_of_range::~out_of_range()
 .text._ZNSt12length_errorD2Ev
                0xfff06bf8        0xa ./gr_common/lib/libstdc++.a(stdexcept.o)
                0xfff06bf8                std::length_error::~length_error()
                0xfff06bf8                std::length_error::~length_error()
 .text._ZNSt12length_errorD0Ev
                0xfff06c02       0x16 ./gr_common/lib/libstdc++.a(stdexcept.o)
                0xfff06c02                std::length_error::~length_error()
 .text._ZNSt16invalid_argumentD2Ev
                0xfff06c18        0xa ./gr_common/lib/libstdc++.a(stdexcept.o)
                0xfff06c18                std::invalid_argument::~invalid_argument()
                0xfff06c18                std::invalid_argument::~invalid_argument()
 .text._ZNSt16invalid_argumentD0Ev
                0xfff06c22       0x16 ./gr_common/lib/libstdc++.a(stdexcept.o)
                0xfff06c22                std::invalid_argument::~invalid_argument()
 .text._ZNSt12domain_errorD2Ev
                0xfff06c38        0xa ./gr_common/lib/libstdc++.a(stdexcept.o)
                0xfff06c38                std::domain_error::~domain_error()
                0xfff06c38                std::domain_error::~domain_error()
 .text._ZNSt12domain_errorD0Ev
                0xfff06c42       0x16 ./gr_common/lib/libstdc++.a(stdexcept.o)
                0xfff06c42                std::domain_error::~domain_error()
 .text._ZNSt11logic_errorD0Ev
                0xfff06c58       0x10 ./gr_common/lib/libstdc++.a(stdexcept.o)
                0xfff06c58                std::logic_error::~logic_error()
 .text._ZNSt13runtime_errorD2Ev
                0xfff06c68       0x38 ./gr_common/lib/libstdc++.a(stdexcept.o)
                0xfff06c68                std::runtime_error::~runtime_error()
                0xfff06c68                std::runtime_error::~runtime_error()
 .text._ZNSt15underflow_errorD2Ev
                0xfff06ca0        0xa ./gr_common/lib/libstdc++.a(stdexcept.o)
                0xfff06ca0                std::underflow_error::~underflow_error()
                0xfff06ca0                std::underflow_error::~underflow_error()
 .text._ZNSt15underflow_errorD0Ev
                0xfff06caa       0x16 ./gr_common/lib/libstdc++.a(stdexcept.o)
                0xfff06caa                std::underflow_error::~underflow_error()
 .text._ZNSt14overflow_errorD2Ev
                0xfff06cc0        0xa ./gr_common/lib/libstdc++.a(stdexcept.o)
                0xfff06cc0                std::overflow_error::~overflow_error()
                0xfff06cc0                std::overflow_error::~overflow_error()
 .text._ZNSt14overflow_errorD0Ev
                0xfff06cca       0x16 ./gr_common/lib/libstdc++.a(stdexcept.o)
                0xfff06cca                std::overflow_error::~overflow_error()
 .text._ZNSt11range_errorD2Ev
                0xfff06ce0        0xa ./gr_common/lib/libstdc++.a(stdexcept.o)
                0xfff06ce0                std::range_error::~range_error()
                0xfff06ce0                std::range_error::~range_error()
 .text._ZNSt11range_errorD0Ev
                0xfff06cea       0x16 ./gr_common/lib/libstdc++.a(stdexcept.o)
                0xfff06cea                std::range_error::~range_error()
 .text._ZNSt13runtime_errorD0Ev
                0xfff06d00       0x10 ./gr_common/lib/libstdc++.a(stdexcept.o)
                0xfff06d00                std::runtime_error::~runtime_error()
 .text._ZNSt11logic_errorC2ERKSs
                0xfff06d10       0x59 ./gr_common/lib/libstdc++.a(stdexcept.o)
                0xfff06d10                std::logic_error::logic_error(std::string const&)
                0xfff06d10                std::logic_error::logic_error(std::string const&)
 .text._ZNSt12domain_errorC2ERKSs
                0xfff06d69       0x11 ./gr_common/lib/libstdc++.a(stdexcept.o)
                0xfff06d69                std::domain_error::domain_error(std::string const&)
                0xfff06d69                std::domain_error::domain_error(std::string const&)
 .text._ZNSt16invalid_argumentC2ERKSs
                0xfff06d7a       0x11 ./gr_common/lib/libstdc++.a(stdexcept.o)
                0xfff06d7a                std::invalid_argument::invalid_argument(std::string const&)
                0xfff06d7a                std::invalid_argument::invalid_argument(std::string const&)
 .text._ZNSt12length_errorC2ERKSs
                0xfff06d8b       0x11 ./gr_common/lib/libstdc++.a(stdexcept.o)
                0xfff06d8b                std::length_error::length_error(std::string const&)
                0xfff06d8b                std::length_error::length_error(std::string const&)
 .text._ZNSt12out_of_rangeC2ERKSs
                0xfff06d9c       0x11 ./gr_common/lib/libstdc++.a(stdexcept.o)
                0xfff06d9c                std::out_of_range::out_of_range(std::string const&)
                0xfff06d9c                std::out_of_range::out_of_range(std::string const&)
 .text._ZNSt13runtime_errorC2ERKSs
                0xfff06dad       0x59 ./gr_common/lib/libstdc++.a(stdexcept.o)
                0xfff06dad                std::runtime_error::runtime_error(std::string const&)
                0xfff06dad                std::runtime_error::runtime_error(std::string const&)
 .text._ZNSt11range_errorC2ERKSs
                0xfff06e06       0x11 ./gr_common/lib/libstdc++.a(stdexcept.o)
                0xfff06e06                std::range_error::range_error(std::string const&)
                0xfff06e06                std::range_error::range_error(std::string const&)
 .text._ZNSt14overflow_errorC2ERKSs
                0xfff06e17       0x11 ./gr_common/lib/libstdc++.a(stdexcept.o)
                0xfff06e17                std::overflow_error::overflow_error(std::string const&)
                0xfff06e17                std::overflow_error::overflow_error(std::string const&)
 .text._ZNSt15underflow_errorC2ERKSs
                0xfff06e28       0x11 ./gr_common/lib/libstdc++.a(stdexcept.o)
                0xfff06e28                std::underflow_error::underflow_error(std::string const&)
                0xfff06e28                std::underflow_error::underflow_error(std::string const&)
 .text._ZNK12_GLOBAL__N_122generic_error_category4nameEv
                0xfff06e39        0x7 ./gr_common/lib/libstdc++.a(system_error.o)
 .text._ZNK12_GLOBAL__N_121system_error_category4nameEv
                0xfff06e40        0x7 ./gr_common/lib/libstdc++.a(system_error.o)
 .text._ZNSt14error_categoryD2Ev
                0xfff06e47        0x7 ./gr_common/lib/libstdc++.a(system_error.o)
                0xfff06e47                std::error_category::~error_category()
                0xfff06e47                std::error_category::~error_category()
 .text._ZNKSt14error_category23default_error_conditionEi
                0xfff06e4e        0x7 ./gr_common/lib/libstdc++.a(system_error.o)
                0xfff06e4e                std::error_category::default_error_condition(int) const
 .text._ZNKSt14error_category10equivalentEiRKSt15error_condition
                0xfff06e55       0x28 ./gr_common/lib/libstdc++.a(system_error.o)
                0xfff06e55                std::error_category::equivalent(int, std::error_condition const&) const
 .text._ZNKSt14error_category10equivalentERKSt10error_codei
                0xfff06e7d       0x19 ./gr_common/lib/libstdc++.a(system_error.o)
                0xfff06e7d                std::error_category::equivalent(std::error_code const&, int) const
 .text._ZN12_GLOBAL__N_121system_error_categoryD2Ev
                0xfff06e96        0x7 ./gr_common/lib/libstdc++.a(system_error.o)
 .text._ZN12_GLOBAL__N_122generic_error_categoryD2Ev
                0xfff06e9d        0x7 ./gr_common/lib/libstdc++.a(system_error.o)
 .text._ZNK12_GLOBAL__N_122generic_error_category7messageEi
                0xfff06ea4       0x1b ./gr_common/lib/libstdc++.a(system_error.o)
 .text._ZNK12_GLOBAL__N_121system_error_category7messageEi
                0xfff06ebf       0x1b ./gr_common/lib/libstdc++.a(system_error.o)
 .text._ZN12_GLOBAL__N_121system_error_categoryD0Ev
                0xfff06eda        0xa ./gr_common/lib/libstdc++.a(system_error.o)
 .text._ZN12_GLOBAL__N_122generic_error_categoryD0Ev
                0xfff06ee4        0xa ./gr_common/lib/libstdc++.a(system_error.o)
 .text._ZNSt14error_categoryD0Ev
                0xfff06eee        0xa ./gr_common/lib/libstdc++.a(system_error.o)
                0xfff06eee                std::error_category::~error_category()
 .text._ZNSt12system_errorD2Ev
                0xfff06ef8        0xa ./gr_common/lib/libstdc++.a(system_error.o)
                0xfff06ef8                std::system_error::~system_error()
                0xfff06ef8                std::system_error::~system_error()
 .text._ZNSt12system_errorD0Ev
                0xfff06f02       0x16 ./gr_common/lib/libstdc++.a(system_error.o)
                0xfff06f02                std::system_error::~system_error()
 .text._ZNSt14error_categoryC2Ev
                0xfff06f18        0x7 ./gr_common/lib/libstdc++.a(system_error.o)
                0xfff06f18                std::error_category::error_category()
                0xfff06f18                std::error_category::error_category()
 .text._ZSt15system_categoryv
                0xfff06f1f        0x7 ./gr_common/lib/libstdc++.a(system_error.o)
                0xfff06f1f                std::system_category()
 .text._ZSt16generic_categoryv
                0xfff06f26        0x7 ./gr_common/lib/libstdc++.a(system_error.o)
                0xfff06f26                std::generic_category()
 .text._ZNKSt10error_code23default_error_conditionEv
                0xfff06f2d        0xe ./gr_common/lib/libstdc++.a(system_error.o)
                0xfff06f2d                std::error_code::default_error_condition() const
 .text.startup._GLOBAL__sub_I__ZNSt14error_categoryC2Ev
                0xfff06f3b       0x3c ./gr_common/lib/libstdc++.a(system_error.o)
 .text._ZNSt11regex_errorD2Ev
                0xfff06f77        0xa ./gr_common/lib/libstdc++.a(regex.o)
                0xfff06f77                std::regex_error::~regex_error()
                0xfff06f77                std::regex_error::~regex_error()
 .text._ZNSt11regex_errorD0Ev
                0xfff06f81       0x16 ./gr_common/lib/libstdc++.a(regex.o)
                0xfff06f81                std::regex_error::~regex_error()
 *fill*         0xfff06f97        0x1 00
 .text._ZNSt11regex_errorC2ENSt15regex_constants10error_typeE
                0xfff06f98       0xa0 ./gr_common/lib/libstdc++.a(regex.o)
                0xfff06f98                std::regex_error::regex_error(std::regex_constants::error_type)
                0xfff06f98                std::regex_error::regex_error(std::regex_constants::error_type)
 .text._ZNK12_GLOBAL__N_121future_error_category4nameEv
                0xfff07038        0x7 ./gr_common/lib/libstdc++.a(future.o)
 .text._ZNSt12future_errorD2Ev
                0xfff0703f        0xa ./gr_common/lib/libstdc++.a(future.o)
                0xfff0703f                std::future_error::~future_error()
                0xfff0703f                std::future_error::~future_error()
 .text._ZNSt12future_errorD0Ev
                0xfff07049       0x16 ./gr_common/lib/libstdc++.a(future.o)
                0xfff07049                std::future_error::~future_error()
 .text._ZN12_GLOBAL__N_121future_error_categoryD2Ev
                0xfff0705f        0xa ./gr_common/lib/libstdc++.a(future.o)
 .text._ZN12_GLOBAL__N_121future_error_categoryD0Ev
                0xfff07069       0x16 ./gr_common/lib/libstdc++.a(future.o)
 *fill*         0xfff0707f        0x1 00
 .text._ZNKSt12future_error4whatEv
                0xfff07080       0x88 ./gr_common/lib/libstdc++.a(future.o)
                0xfff07080                std::future_error::what() const
 .text._ZNK12_GLOBAL__N_121future_error_category7messageEi
                0xfff07108       0xf0 ./gr_common/lib/libstdc++.a(future.o)
 .text._ZSt15future_categoryv
                0xfff071f8       0xa8 ./gr_common/lib/libstdc++.a(future.o)
                0xfff071f8                std::future_category()
 .text._ZNKSt10bad_typeid4whatEv
                0xfff072a0        0x7 ./gr_common/lib/libstdc++.a(bad_typeid.o)
                0xfff072a0                std::bad_typeid::what() const
 .text._ZNSt10bad_typeidD2Ev
                0xfff072a7        0xa ./gr_common/lib/libstdc++.a(bad_typeid.o)
                0xfff072a7                std::bad_typeid::~bad_typeid()
                0xfff072a7                std::bad_typeid::~bad_typeid()
 .text._ZNSt10bad_typeidD0Ev
                0xfff072b1       0x16 ./gr_common/lib/libstdc++.a(bad_typeid.o)
                0xfff072b1                std::bad_typeid::~bad_typeid()
 .text._ZNKSt9bad_alloc4whatEv
                0xfff072c7        0x7 ./gr_common/lib/libstdc++.a(bad_alloc.o)
                0xfff072c7                std::bad_alloc::what() const
 .text._ZNSt9bad_allocD2Ev
                0xfff072ce        0xa ./gr_common/lib/libstdc++.a(bad_alloc.o)
                0xfff072ce                std::bad_alloc::~bad_alloc()
                0xfff072ce                std::bad_alloc::~bad_alloc()
 .text._ZNSt9bad_allocD0Ev
                0xfff072d8       0x16 ./gr_common/lib/libstdc++.a(bad_alloc.o)
                0xfff072d8                std::bad_alloc::~bad_alloc()
 *fill*         0xfff072ee        0x2 00
 .text._ZL23__gxx_exception_cleanup19_Unwind_Reason_CodeP17_Unwind_Exception
                0xfff072f0       0x30 ./gr_common/lib/libstdc++.a(eh_throw.o)
 .text.__cxa_throw
                0xfff07320       0x4c ./gr_common/lib/libstdc++.a(eh_throw.o)
                0xfff07320                __cxa_throw
 *fill*         0xfff0736c        0x4 00
 .text.__cxa_rethrow
                0xfff07370       0x50 ./gr_common/lib/libstdc++.a(eh_throw.o)
                0xfff07370                __cxa_rethrow
 .text._ZN10__cxxabiv120__si_class_type_infoD2Ev
                0xfff073c0        0xa ./gr_common/lib/libstdc++.a(si_class_type_info.o)
                0xfff073c0                __cxxabiv1::__si_class_type_info::~__si_class_type_info()
                0xfff073c0                __cxxabiv1::__si_class_type_info::~__si_class_type_info()
 .text._ZN10__cxxabiv120__si_class_type_infoD0Ev
                0xfff073ca       0x16 ./gr_common/lib/libstdc++.a(si_class_type_info.o)
                0xfff073ca                __cxxabiv1::__si_class_type_info::~__si_class_type_info()
 .text._ZNK10__cxxabiv120__si_class_type_info11__do_upcastEPKNS_17__class_type_infoEPKvRNS1_15__upcast_resultE
                0xfff073e0       0x33 ./gr_common/lib/libstdc++.a(si_class_type_info.o)
                0xfff073e0                __cxxabiv1::__si_class_type_info::__do_upcast(__cxxabiv1::__class_type_info const*, void const*, __cxxabiv1::__class_type_info::__upcast_result&) const
 *fill*         0xfff07413        0x5 00
 .text._ZNK10__cxxabiv120__si_class_type_info12__do_dyncastElNS_17__class_type_info10__sub_kindEPKS1_PKvS4_S6_RNS1_16__dyncast_resultE
                0xfff07418       0xc0 ./gr_common/lib/libstdc++.a(si_class_type_info.o)
                0xfff07418                __cxxabiv1::__si_class_type_info::__do_dyncast(long, __cxxabiv1::__class_type_info::__sub_kind, __cxxabiv1::__class_type_info const*, void const*, __cxxabiv1::__class_type_info const*, void const*, __cxxabiv1::__class_type_info::__dyncast_result&) const
 .text._ZNK10__cxxabiv120__si_class_type_info20__do_find_public_srcElPKvPKNS_17__class_type_infoES2_
                0xfff074d8       0x50 ./gr_common/lib/libstdc++.a(si_class_type_info.o)
                0xfff074d8                __cxxabiv1::__si_class_type_info::__do_find_public_src(long, void const*, __cxxabiv1::__class_type_info const*, void const*) const
 .text._ZSt15set_new_handlerPFvvE
                0xfff07528        0xd ./gr_common/lib/libstdc++.a(new_handler.o)
                0xfff07528                std::set_new_handler(void (*)())
 .text._ZNKSt8bad_cast4whatEv
                0xfff07535        0x7 ./gr_common/lib/libstdc++.a(bad_cast.o)
                0xfff07535                std::bad_cast::what() const
 .text._ZNSt8bad_castD2Ev
                0xfff0753c        0xa ./gr_common/lib/libstdc++.a(bad_cast.o)
                0xfff0753c                std::bad_cast::~bad_cast()
                0xfff0753c                std::bad_cast::~bad_cast()
 .text._ZNSt8bad_castD0Ev
                0xfff07546       0x16 ./gr_common/lib/libstdc++.a(bad_cast.o)
                0xfff07546                std::bad_cast::~bad_cast()
 .text._ZNK10__cxxabiv117__class_type_info11__do_upcastEPKS0_PPv
                0xfff0755c       0x3c ./gr_common/lib/libstdc++.a(class_type_info.o)
                0xfff0755c                __cxxabiv1::__class_type_info::__do_upcast(__cxxabiv1::__class_type_info const*, void**) const
 .text._ZNK10__cxxabiv117__class_type_info20__do_find_public_srcElPKvPKS0_S2_
                0xfff07598        0xe ./gr_common/lib/libstdc++.a(class_type_info.o)
                0xfff07598                __cxxabiv1::__class_type_info::__do_find_public_src(long, void const*, __cxxabiv1::__class_type_info const*, void const*) const
 .text._ZN10__cxxabiv117__class_type_infoD2Ev
                0xfff075a6        0xa ./gr_common/lib/libstdc++.a(class_type_info.o)
                0xfff075a6                __cxxabiv1::__class_type_info::~__class_type_info()
                0xfff075a6                __cxxabiv1::__class_type_info::~__class_type_info()
 .text._ZN10__cxxabiv117__class_type_infoD0Ev
                0xfff075b0       0x16 ./gr_common/lib/libstdc++.a(class_type_info.o)
                0xfff075b0                __cxxabiv1::__class_type_info::~__class_type_info()
 *fill*         0xfff075c6        0x2 00
 .text._ZNK10__cxxabiv117__class_type_info11__do_upcastEPKS0_PKvRNS0_15__upcast_resultE
                0xfff075c8       0x40 ./gr_common/lib/libstdc++.a(class_type_info.o)
                0xfff075c8                __cxxabiv1::__class_type_info::__do_upcast(__cxxabiv1::__class_type_info const*, void const*, __cxxabiv1::__class_type_info::__upcast_result&) const
 .text._ZNK10__cxxabiv117__class_type_info10__do_catchEPKSt9type_infoPPvj
                0xfff07608       0x58 ./gr_common/lib/libstdc++.a(class_type_info.o)
                0xfff07608                __cxxabiv1::__class_type_info::__do_catch(std::type_info const*, void**, unsigned int) const
 .text._ZNK10__cxxabiv117__class_type_info12__do_dyncastElNS0_10__sub_kindEPKS0_PKvS3_S5_RNS0_16__dyncast_resultE
                0xfff07660       0x78 ./gr_common/lib/libstdc++.a(class_type_info.o)
                0xfff07660                __cxxabiv1::__class_type_info::__do_dyncast(long, __cxxabiv1::__class_type_info::__sub_kind, __cxxabiv1::__class_type_info const*, void const*, __cxxabiv1::__class_type_info const*, void const*, __cxxabiv1::__class_type_info::__dyncast_result&) const
 .text.__cxa_call_terminate
                0xfff076d8       0x38 ./gr_common/lib/libstdc++.a(eh_call.o)
                0xfff076d8                __cxa_call_terminate
 .text.__cxa_guard_acquire
                0xfff07710       0x31 ./gr_common/lib/libstdc++.a(guard.o)
                0xfff07710                __cxa_guard_acquire
 .text.__cxa_guard_abort
                0xfff07741        0x4 ./gr_common/lib/libstdc++.a(guard.o)
                0xfff07741                __cxa_guard_abort
 .text.__cxa_guard_release
                0xfff07745        0x7 ./gr_common/lib/libstdc++.a(guard.o)
                0xfff07745                __cxa_guard_release
 .text._ZNSt9type_infoD2Ev
                0xfff0774c        0x7 ./gr_common/lib/libstdc++.a(tinfo.o)
                0xfff0774c                std::type_info::~type_info()
                0xfff0774c                std::type_info::~type_info()
 .text._ZNKSt9type_info14__is_pointer_pEv
                0xfff07753        0x5 ./gr_common/lib/libstdc++.a(tinfo.o)
                0xfff07753                std::type_info::__is_pointer_p() const
 .text._ZNKSt9type_info15__is_function_pEv
                0xfff07758        0x5 ./gr_common/lib/libstdc++.a(tinfo.o)
                0xfff07758                std::type_info::__is_function_p() const
 .text._ZNKSt9type_info11__do_upcastEPKN10__cxxabiv117__class_type_infoEPPv
                0xfff0775d        0x5 ./gr_common/lib/libstdc++.a(tinfo.o)
                0xfff0775d                std::type_info::__do_upcast(__cxxabiv1::__class_type_info const*, void**) const
 .text._ZNKSt9type_info10__do_catchEPKS_PPvj
                0xfff07762       0x3f ./gr_common/lib/libstdc++.a(tinfo.o)
                0xfff07762                std::type_info::__do_catch(std::type_info const*, void**, unsigned int) const
 .text._ZNSt9type_infoD0Ev
                0xfff077a1        0xa ./gr_common/lib/libstdc++.a(tinfo.o)
                0xfff077a1                std::type_info::~type_info()
 *fill*         0xfff077ab        0x5 00
 .text._ZN9__gnu_cxx27__verbose_terminate_handlerEv
                0xfff077b0      0x1b8 ./gr_common/lib/libstdc++.a(vterminate.o)
                0xfff077b0                __gnu_cxx::__verbose_terminate_handler()
 .text._ZN9__gnu_cxx20recursive_init_errorD2Ev
                0xfff07968        0xa ./gr_common/lib/libstdc++.a(guard_error.o)
                0xfff07968                __gnu_cxx::recursive_init_error::~recursive_init_error()
                0xfff07968                __gnu_cxx::recursive_init_error::~recursive_init_error()
 .text._ZN9__gnu_cxx20recursive_init_errorD0Ev
                0xfff07972       0x16 ./gr_common/lib/libstdc++.a(guard_error.o)
                0xfff07972                __gnu_cxx::recursive_init_error::~recursive_init_error()
 .text.__cxa_current_exception_type
                0xfff07988       0x1e ./gr_common/lib/libstdc++.a(eh_type.o)
                0xfff07988                __cxa_current_exception_type
 .text.abort    0xfff079a6        0xc ./gr_common/lib/\libc.a(lib_a-abort.o)
                0xfff079a6                abort
 .text._fputc_r
                0xfff079b2       0x26 ./gr_common/lib/\libc.a(lib_a-fputc.o)
                0xfff079b2                _fputc_r
 .text.fputc    0xfff079d8       0x12 ./gr_common/lib/\libc.a(lib_a-fputc.o)
                0xfff079d8                fputc
 .text._fputs_r
                0xfff079ea       0x54 ./gr_common/lib/\libc.a(lib_a-fputs.o)
                0xfff079ea                _fputs_r
 .text.fputs    0xfff07a3e       0x12 ./gr_common/lib/\libc.a(lib_a-fputs.o)
                0xfff07a3e                fputs
 .text.__sfvwrite_r
                0xfff07a50      0x296 ./gr_common/lib/\libc.a(lib_a-fvwrite.o)
                0xfff07a50                __sfvwrite_r
 .text._fwrite_r
                0xfff07ce6       0x64 ./gr_common/lib/\libc.a(lib_a-fwrite.o)
                0xfff07ce6                _fwrite_r
 .text.fwrite   0xfff07d4a       0x1e ./gr_common/lib/\libc.a(lib_a-fwrite.o)
                0xfff07d4a                fwrite
 .text.malloc   0xfff07d68        0xe ./gr_common/lib/\libc.a(lib_a-malloc.o)
                0xfff07d68                malloc
 .text.free     0xfff07d76        0xe ./gr_common/lib/\libc.a(lib_a-malloc.o)
                0xfff07d76                free
 .text.memcmp   0xfff07d84       0x18 ./gr_common/lib/\libc.a(lib_a-memcmp.o)
                0xfff07d84                memcmp
 .text._putc_r  0xfff07d9c       0x58 ./gr_common/lib/\libc.a(lib_a-putc.o)
                0xfff07d9c                _putc_r
 .text.putc     0xfff07df4       0x12 ./gr_common/lib/\libc.a(lib_a-putc.o)
                0xfff07df4                putc
 .text.realloc  0xfff07e06       0x12 ./gr_common/lib/\libc.a(lib_a-realloc.o)
                0xfff07e06                realloc
 .text._init_signal_r
                0xfff07e18       0x34 ./gr_common/lib/\libc.a(lib_a-signal.o)
                0xfff07e18                _init_signal_r
 .text._signal_r
                0xfff07e4c       0x32 ./gr_common/lib/\libc.a(lib_a-signal.o)
                0xfff07e4c                _signal_r
 .text._raise_r
                0xfff07e7e       0x54 ./gr_common/lib/\libc.a(lib_a-signal.o)
                0xfff07e7e                _raise_r
 .text.__sigtramp_r
                0xfff07ed2       0x4c ./gr_common/lib/\libc.a(lib_a-signal.o)
                0xfff07ed2                __sigtramp_r
 .text.raise    0xfff07f1e        0xe ./gr_common/lib/\libc.a(lib_a-signal.o)
                0xfff07f1e                raise
 .text.signal   0xfff07f2c       0x12 ./gr_common/lib/\libc.a(lib_a-signal.o)
                0xfff07f2c                signal
 .text._init_signal
                0xfff07f3e        0xc ./gr_common/lib/\libc.a(lib_a-signal.o)
                0xfff07f3e                _init_signal
 .text.__sigtramp
                0xfff07f4a        0xe ./gr_common/lib/\libc.a(lib_a-signal.o)
                0xfff07f4a                __sigtramp
 .text._kill_r  0xfff07f58       0x24 ./gr_common/lib/\libc.a(lib_a-signalr.o)
                0xfff07f58                _kill_r
 .text._getpid_r
                0xfff07f7c        0x4 ./gr_common/lib/\libc.a(lib_a-signalr.o)
                0xfff07f7c                _getpid_r
 .text.strdup   0xfff07f80        0xe ./gr_common/lib/\libc.a(lib_a-strdup.o)
                0xfff07f80                strdup
 .text._strdup_r
                0xfff07f8e       0x2a ./gr_common/lib/\libc.a(lib_a-strdup_r.o)
                0xfff07f8e                _strdup_r
 .text._strerror_r
                0xfff07fb8      0x2b9 ./gr_common/lib/\libc.a(lib_a-strerror.o)
                0xfff07fb8                _strerror_r
 .text.strerror
                0xfff08271       0x12 ./gr_common/lib/\libc.a(lib_a-strerror.o)
                0xfff08271                strerror
 .text._user_strerror
                0xfff08283        0x3 ./gr_common/lib/\libc.a(lib_a-u_strerr.o)
                0xfff08283                _user_strerror
 .text.__swbuf_r
                0xfff08286       0xaa ./gr_common/lib/\libc.a(lib_a-wbuf.o)
                0xfff08286                __swbuf_r
 .text.__swbuf  0xfff08330       0x12 ./gr_common/lib/\libc.a(lib_a-wbuf.o)
                0xfff08330                __swbuf
 .text.__swsetup_r
                0xfff08342       0xce ./gr_common/lib/\libc.a(lib_a-wsetup.o)
                0xfff08342                __swsetup_r
 .text.__sflush_r
                0xfff08410      0x142 ./gr_common/lib/\libc.a(lib_a-fflush.o)
                0xfff08410                __sflush_r
 .text._fflush_r
                0xfff08552       0x2c ./gr_common/lib/\libc.a(lib_a-fflush.o)
                0xfff08552                _fflush_r
 .text.fflush   0xfff0857e       0x23 ./gr_common/lib/\libc.a(lib_a-fflush.o)
                0xfff0857e                fflush
 .text.__fp_lock
                0xfff085a1        0x3 ./gr_common/lib/\libc.a(lib_a-findfp.o)
 .text.__fp_unlock
                0xfff085a4        0x3 ./gr_common/lib/\libc.a(lib_a-findfp.o)
 .text._cleanup_r
                0xfff085a7        0xa ./gr_common/lib/\libc.a(lib_a-findfp.o)
                0xfff085a7                _cleanup_r
 .text.std.isra.0
                0xfff085b1       0x49 ./gr_common/lib/\libc.a(lib_a-findfp.o)
 .text.__sfmoreglue
                0xfff085fa       0x2e ./gr_common/lib/\libc.a(lib_a-findfp.o)
                0xfff085fa                __sfmoreglue
 .text._cleanup
                0xfff08628        0xc ./gr_common/lib/\libc.a(lib_a-findfp.o)
                0xfff08628                _cleanup
 .text.__sinit  0xfff08634       0x46 ./gr_common/lib/\libc.a(lib_a-findfp.o)
                0xfff08634                __sinit
 .text.__sfp    0xfff0867a       0x8e ./gr_common/lib/\libc.a(lib_a-findfp.o)
                0xfff0867a                __sfp
 .text.__sfp_lock_acquire
                0xfff08708        0x1 ./gr_common/lib/\libc.a(lib_a-findfp.o)
                0xfff08708                __sfp_lock_acquire
 .text.__sfp_lock_release
                0xfff08709        0x1 ./gr_common/lib/\libc.a(lib_a-findfp.o)
                0xfff08709                __sfp_lock_release
 .text.__sinit_lock_acquire
                0xfff0870a        0x1 ./gr_common/lib/\libc.a(lib_a-findfp.o)
                0xfff0870a                __sinit_lock_acquire
 .text.__sinit_lock_release
                0xfff0870b        0x1 ./gr_common/lib/\libc.a(lib_a-findfp.o)
                0xfff0870b                __sinit_lock_release
 .text.__fp_lock_all
                0xfff0870c       0x12 ./gr_common/lib/\libc.a(lib_a-findfp.o)
                0xfff0870c                __fp_lock_all
 .text.__fp_unlock_all
                0xfff0871e       0x12 ./gr_common/lib/\libc.a(lib_a-findfp.o)
                0xfff0871e                __fp_unlock_all
 .text._fwalk   0xfff08730       0x44 ./gr_common/lib/\libc.a(lib_a-fwalk.o)
                0xfff08730                _fwalk
 .text._fwalk_reent
                0xfff08774       0x48 ./gr_common/lib/\libc.a(lib_a-fwalk.o)
                0xfff08774                _fwalk_reent